Archive member included to satisfy reference by file (symbol)

c:/st/stm32cubeide_1.3.0/stm32cubeide/plugins/com.st.stm32cube.ide.mcu.externaltools.gnu-tools-for-stm32.7-2018-q2-update.win32_1.0.0.201904181610/tools/bin/../lib/gcc/arm-none-eabi/7.3.1/../../../../arm-none-eabi/lib/thumb/v7e-m/fpv4-sp/hard\libc_nano.a(lib_a-errno.o)
                              Core/Src/syscalls.o (__errno)
c:/st/stm32cubeide_1.3.0/stm32cubeide/plugins/com.st.stm32cube.ide.mcu.externaltools.gnu-tools-for-stm32.7-2018-q2-update.win32_1.0.0.201904181610/tools/bin/../lib/gcc/arm-none-eabi/7.3.1/../../../../arm-none-eabi/lib/thumb/v7e-m/fpv4-sp/hard\libc_nano.a(lib_a-exit.o)
                              c:/st/stm32cubeide_1.3.0/stm32cubeide/plugins/com.st.stm32cube.ide.mcu.externaltools.gnu-tools-for-stm32.7-2018-q2-update.win32_1.0.0.201904181610/tools/bin/../lib/gcc/arm-none-eabi/7.3.1/../../../../arm-none-eabi/lib/thumb/v7e-m/fpv4-sp/hard/crt0.o (exit)
c:/st/stm32cubeide_1.3.0/stm32cubeide/plugins/com.st.stm32cube.ide.mcu.externaltools.gnu-tools-for-stm32.7-2018-q2-update.win32_1.0.0.201904181610/tools/bin/../lib/gcc/arm-none-eabi/7.3.1/../../../../arm-none-eabi/lib/thumb/v7e-m/fpv4-sp/hard\libc_nano.a(lib_a-impure.o)
                              c:/st/stm32cubeide_1.3.0/stm32cubeide/plugins/com.st.stm32cube.ide.mcu.externaltools.gnu-tools-for-stm32.7-2018-q2-update.win32_1.0.0.201904181610/tools/bin/../lib/gcc/arm-none-eabi/7.3.1/../../../../arm-none-eabi/lib/thumb/v7e-m/fpv4-sp/hard\libc_nano.a(lib_a-exit.o) (_global_impure_ptr)
c:/st/stm32cubeide_1.3.0/stm32cubeide/plugins/com.st.stm32cube.ide.mcu.externaltools.gnu-tools-for-stm32.7-2018-q2-update.win32_1.0.0.201904181610/tools/bin/../lib/gcc/arm-none-eabi/7.3.1/../../../../arm-none-eabi/lib/thumb/v7e-m/fpv4-sp/hard\libc_nano.a(lib_a-init.o)
                              c:/st/stm32cubeide_1.3.0/stm32cubeide/plugins/com.st.stm32cube.ide.mcu.externaltools.gnu-tools-for-stm32.7-2018-q2-update.win32_1.0.0.201904181610/tools/bin/../lib/gcc/arm-none-eabi/7.3.1/../../../../arm-none-eabi/lib/thumb/v7e-m/fpv4-sp/hard/crt0.o (__libc_init_array)
c:/st/stm32cubeide_1.3.0/stm32cubeide/plugins/com.st.stm32cube.ide.mcu.externaltools.gnu-tools-for-stm32.7-2018-q2-update.win32_1.0.0.201904181610/tools/bin/../lib/gcc/arm-none-eabi/7.3.1/../../../../arm-none-eabi/lib/thumb/v7e-m/fpv4-sp/hard\libc_nano.a(lib_a-memcpy-stub.o)
                              Core/Src/DAM.o (memcpy)
c:/st/stm32cubeide_1.3.0/stm32cubeide/plugins/com.st.stm32cube.ide.mcu.externaltools.gnu-tools-for-stm32.7-2018-q2-update.win32_1.0.0.201904181610/tools/bin/../lib/gcc/arm-none-eabi/7.3.1/../../../../arm-none-eabi/lib/thumb/v7e-m/fpv4-sp/hard\libc_nano.a(lib_a-memset.o)
                              c:/st/stm32cubeide_1.3.0/stm32cubeide/plugins/com.st.stm32cube.ide.mcu.externaltools.gnu-tools-for-stm32.7-2018-q2-update.win32_1.0.0.201904181610/tools/bin/../lib/gcc/arm-none-eabi/7.3.1/../../../../arm-none-eabi/lib/thumb/v7e-m/fpv4-sp/hard/crt0.o (memset)
c:/st/stm32cubeide_1.3.0/stm32cubeide/plugins/com.st.stm32cube.ide.mcu.externaltools.gnu-tools-for-stm32.7-2018-q2-update.win32_1.0.0.201904181610/tools/bin/../lib/gcc/arm-none-eabi/7.3.1/../../../../arm-none-eabi/lib/thumb/v7e-m/fpv4-sp/hard\libc_nano.a(lib_a-sprintf.o)
                              Core/Src/DAM.o (sprintf)
c:/st/stm32cubeide_1.3.0/stm32cubeide/plugins/com.st.stm32cube.ide.mcu.externaltools.gnu-tools-for-stm32.7-2018-q2-update.win32_1.0.0.201904181610/tools/bin/../lib/gcc/arm-none-eabi/7.3.1/../../../../arm-none-eabi/lib/thumb/v7e-m/fpv4-sp/hard\libc_nano.a(lib_a-nano-svfprintf.o)
                              c:/st/stm32cubeide_1.3.0/stm32cubeide/plugins/com.st.stm32cube.ide.mcu.externaltools.gnu-tools-for-stm32.7-2018-q2-update.win32_1.0.0.201904181610/tools/bin/../lib/gcc/arm-none-eabi/7.3.1/../../../../arm-none-eabi/lib/thumb/v7e-m/fpv4-sp/hard\libc_nano.a(lib_a-sprintf.o) (_svfprintf_r)
c:/st/stm32cubeide_1.3.0/stm32cubeide/plugins/com.st.stm32cube.ide.mcu.externaltools.gnu-tools-for-stm32.7-2018-q2-update.win32_1.0.0.201904181610/tools/bin/../lib/gcc/arm-none-eabi/7.3.1/../../../../arm-none-eabi/lib/thumb/v7e-m/fpv4-sp/hard\libc_nano.a(lib_a-nano-vfprintf_i.o)
                              c:/st/stm32cubeide_1.3.0/stm32cubeide/plugins/com.st.stm32cube.ide.mcu.externaltools.gnu-tools-for-stm32.7-2018-q2-update.win32_1.0.0.201904181610/tools/bin/../lib/gcc/arm-none-eabi/7.3.1/../../../../arm-none-eabi/lib/thumb/v7e-m/fpv4-sp/hard\libc_nano.a(lib_a-nano-svfprintf.o) (_printf_i)
c:/st/stm32cubeide_1.3.0/stm32cubeide/plugins/com.st.stm32cube.ide.mcu.externaltools.gnu-tools-for-stm32.7-2018-q2-update.win32_1.0.0.201904181610/tools/bin/../lib/gcc/arm-none-eabi/7.3.1/../../../../arm-none-eabi/lib/thumb/v7e-m/fpv4-sp/hard\libc_nano.a(lib_a-memchr.o)
[...]
Memory Configuration

Name             Origin             Length             Attributes
CCMRAM           0x0000000010000000 0x0000000000010000 xrw
RAM              0x0000000020000000 0x0000000000030000 xrw
FLASH            0x0000000008000000 0x0000000000200000 xr
*default*        0x0000000000000000 0xffffffffffffffff

Linker script and memory map

LOAD c:/st/stm32cubeide_1.3.0/stm32cubeide/plugins/com.st.stm32cube.ide.mcu.externaltools.gnu-tools-for-stm32.7-2018-q2-update.win32_1.0.0.201904181610/tools/bin/../lib/gcc/arm-none-eabi/7.3.1/thumb/v7e-m/fpv4-sp/hard/crti.o
LOAD c:/st/stm32cubeide_1.3.0/stm32cubeide/plugins/com.st.stm32cube.ide.mcu.externaltools.gnu-tools-for-stm32.7-2018-q2-update.win32_1.0.0.201904181610/tools/bin/../lib/gcc/arm-none-eabi/7.3.1/thumb/v7e-m/fpv4-sp/hard/crtbegin.o
LOAD c:/st/stm32cubeide_1.3.0/stm32cubeide/plugins/com.st.stm32cube.ide.mcu.externaltools.gnu-tools-for-stm32.7-2018-q2-update.win32_1.0.0.201904181610/tools/bin/../lib/gcc/arm-none-eabi/7.3.1/../../../../arm-none-eabi/lib/thumb/v7e-m/fpv4-sp/hard/crt0.o
LOAD Core/Src/DAM.o
LOAD Core/Src/freertos.o
LOAD Core/Src/main.o
LOAD Core/Src/stm32f4xx_hal_msp.o
LOAD Core/Src/stm32f4xx_hal_timebase_tim.o
LOAD Core/Src/stm32f4xx_it.o
LOAD Core/Src/syscalls.o
LOAD Core/Src/sysmem.o
LOAD Core/Src/system_stm32f4xx.o
LOAD Core/Startup/startup_stm32f429zitx.o
LOAD Core/c-libraries/C-Utils/base_types.o
LOAD Core/c-libraries/C-Utils/ring_buffer.o
LOAD Core/c-libraries/Gopher_Sense/Build/dam_hw_config.o
LOAD Core/c-libraries/Gopher_Sense/Build/gopher_sense.o
LOAD Core/c-libraries/Gopher_Sense/lib/gopher_sense_lib.o
LOAD Core/c-libraries/Gopher_Sense/sensor_hal.o
LOAD Core/c-libraries/gophercan-lib/GopherCAN.o
LOAD Core/c-libraries/gophercan-lib/GopherCAN_ids.o
LOAD Core/c-libraries/gophercan-lib/GopherCAN_ring_buffer.o
LOAD Drivers/STM32F4xx_HAL_Driver/Src/stm32f4xx_hal.o
LOAD Drivers/STM32F4xx_HAL_Driver/Src/stm32f4xx_hal_adc.o
LOAD Drivers/STM32F4xx_HAL_Driver/Src/stm32f4xx_hal_adc_ex.o
LOAD Drivers/STM32F4xx_HAL_Driver/Src/stm32f4xx_hal_can.o
LOAD Drivers/STM32F4xx_HAL_Driver/Src/stm32f4xx_hal_cortex.o
LOAD Drivers/STM32F4xx_HAL_Driver/Src/stm32f4xx_hal_dma.o
LOAD Drivers/STM32F4xx_HAL_Driver/Src/stm32f4xx_hal_dma_ex.o
LOAD Drivers/STM32F4xx_HAL_Driver/Src/stm32f4xx_hal_exti.o
LOAD Drivers/STM32F4xx_HAL_Driver/Src/stm32f4xx_hal_flash.o
LOAD Drivers/STM32F4xx_HAL_Driver/Src/stm32f4xx_hal_flash_ex.o
LOAD Drivers/STM32F4xx_HAL_Driver/Src/stm32f4xx_hal_flash_ramfunc.o
LOAD Drivers/STM32F4xx_HAL_Driver/Src/stm32f4xx_hal_gpio.o
LOAD Drivers/STM32F4xx_HAL_Driver/Src/stm32f4xx_hal_pwr.o
LOAD Drivers/STM32F4xx_HAL_Driver/Src/stm32f4xx_hal_pwr_ex.o
LOAD Drivers/STM32F4xx_HAL_Driver/Src/stm32f4xx_hal_rcc.o
LOAD Drivers/STM32F4xx_HAL_Driver/Src/stm32f4xx_hal_rcc_ex.o
LOAD Drivers/STM32F4xx_HAL_Driver/Src/stm32f4xx_hal_tim.o
LOAD Drivers/STM32F4xx_HAL_Driver/Src/stm32f4xx_hal_tim_ex.o
LOAD Middlewares/Third_Party/FreeRTOS/Source/CMSIS_RTOS_V2/cmsis_os2.o
LOAD Middlewares/Third_Party/FreeRTOS/Source/croutine.o
LOAD Middlewares/Third_Party/FreeRTOS/Source/event_groups.o
LOAD Middlewares/Third_Party/FreeRTOS/Source/list.o
LOAD Middlewares/Third_Party/FreeRTOS/Source/queue.o
LOAD Middlewares/Third_Party/FreeRTOS/Source/stream_buffer.o
LOAD Middlewares/Third_Party/FreeRTOS/Source/tasks.o
LOAD Middlewares/Third_Party/FreeRTOS/Source/timers.o
LOAD Middlewares/Third_Party/FreeRTOS/Source/portable/GCC/ARM_CM4F/port.o
LOAD Middlewares/Third_Party/FreeRTOS/Source/portable/MemMang/heap_4.o
START GROUP
LOAD c:/st/stm32cubeide_1.3.0/stm32cubeide/plugins/com.st.stm32cube.ide.mcu.externaltools.gnu-tools-for-stm32.7-2018-q2-update.win32_1.0.0.201904181610/tools/bin/../lib/gcc/arm-none-eabi/7.3.1/../../../../arm-none-eabi/lib/thumb/v7e-m/fpv4-sp/hard\libc_nano.a
LOAD c:/st/stm32cubeide_1.3.0/stm32cubeide/plugins/com.st.stm32cube.ide.mcu.externaltools.gnu-tools-for-stm32.7-2018-q2-update.win32_1.0.0.201904181610/tools/bin/../lib/gcc/arm-none-eabi/7.3.1/../../../../arm-none-eabi/lib/thumb/v7e-m/fpv4-sp/hard\libm.a
END GROUP
START GROUP
LOAD c:/st/stm32cubeide_1.3.0/stm32cubeide/plugins/com.st.stm32cube.ide.mcu.externaltools.gnu-tools-for-stm32.7-2018-q2-update.win32_1.0.0.201904181610/tools/bin/../lib/gcc/arm-none-eabi/7.3.1/thumb/v7e-m/fpv4-sp/hard\libgcc.a
LOAD c:/st/stm32cubeide_1.3.0/stm32cubeide/plugins/com.st.stm32cube.ide.mcu.externaltools.gnu-tools-for-stm32.7-2018-q2-update.win32_1.0.0.201904181610/tools/bin/../lib/gcc/arm-none-eabi/7.3.1/../../../../arm-none-eabi/lib/thumb/v7e-m/fpv4-sp/hard\libc_nano.a
END GROUP
START GROUP
LOAD c:/st/stm32cubeide_1.3.0/stm32cubeide/plugins/com.st.stm32cube.ide.mcu.externaltools.gnu-tools-for-stm32.7-2018-q2-update.win32_1.0.0.201904181610/tools/bin/../lib/gcc/arm-none-eabi/7.3.1/thumb/v7e-m/fpv4-sp/hard\libgcc.a
LOAD c:/st/stm32cubeide_1.3.0/stm32cubeide/plugins/com.st.stm32cube.ide.mcu.externaltools.gnu-tools-for-stm32.7-2018-q2-update.win32_1.0.0.201904181610/tools/bin/../lib/gcc/arm-none-eabi/7.3.1/../../../../arm-none-eabi/lib/thumb/v7e-m/fpv4-sp/hard\libc_nano.a
LOAD c:/st/stm32cubeide_1.3.0/stm32cubeide/plugins/com.st.stm32cube.ide.mcu.externaltools.gnu-tools-for-stm32.7-2018-q2-update.win32_1.0.0.201904181610/tools/bin/../lib/gcc/arm-none-eabi/7.3.1/../../../../arm-none-eabi/lib/thumb/v7e-m/fpv4-sp/hard\libnosys.a
END GROUP
START GROUP
LOAD c:/st/stm32cubeide_1.3.0/stm32cubeide/plugins/com.st.stm32cube.ide.mcu.externaltools.gnu-tools-for-stm32.7-2018-q2-update.win32_1.0.0.201904181610/tools/bin/../lib/gcc/arm-none-eabi/7.3.1/thumb/v7e-m/fpv4-sp/hard\libgcc.a
LOAD c:/st/stm32cubeide_1.3.0/stm32cubeide/plugins/com.st.stm32cube.ide.mcu.externaltools.gnu-tools-for-stm32.7-2018-q2-update.win32_1.0.0.201904181610/tools/bin/../lib/gcc/arm-none-eabi/7.3.1/../../../../arm-none-eabi/lib/thumb/v7e-m/fpv4-sp/hard\libc_nano.a
LOAD c:/st/stm32cubeide_1.3.0/stm32cubeide/plugins/com.st.stm32cube.ide.mcu.externaltools.gnu-tools-for-stm32.7-2018-q2-update.win32_1.0.0.201904181610/tools/bin/../lib/gcc/arm-none-eabi/7.3.1/../../../../arm-none-eabi/lib/thumb/v7e-m/fpv4-sp/hard\libnosys.a
END GROUP
LOAD c:/st/stm32cubeide_1.3.0/stm32cubeide/plugins/com.st.stm32cube.ide.mcu.externaltools.gnu-tools-for-stm32.7-2018-q2-update.win32_1.0.0.201904181610/tools/bin/../lib/gcc/arm-none-eabi/7.3.1/thumb/v7e-m/fpv4-sp/hard/crtend.o
LOAD c:/st/stm32cubeide_1.3.0/stm32cubeide/plugins/com.st.stm32cube.ide.mcu.externaltools.gnu-tools-for-stm32.7-2018-q2-update.win32_1.0.0.201904181610/tools/bin/../lib/gcc/arm-none-eabi/7.3.1/thumb/v7e-m/fpv4-sp/hard/crtn.o
                0x0000000020030000                _estack = (ORIGIN (RAM) + LENGTH (RAM))
                0x0000000000000200                _Min_Heap_Size = 0x200
                0x0000000000000400                _Min_Stack_Size = 0x400

.isr_vector     0x0000000008000000      0x1ac
                0x0000000008000000                . = ALIGN (0x4)
 *(.isr_vector)
 .isr_vector    0x0000000008000000      0x1ac Core/Startup/startup_stm32f429zitx.o
                0x0000000008000000                g_pfnVectors
                0x00000000080001ac                . = ALIGN (0x4)

.text           0x00000000080001b0     0xa4d8
                0x00000000080001b0                . = ALIGN (0x4)
 *(.text)
 .text          0x00000000080001b0       0x40 c:/st/stm32cubeide_1.3.0/stm32cubeide/plugins/com.st.stm32cube.ide.mcu.externaltools.gnu-tools-for-stm32.7-2018-q2-update.win32_1.0.0.201904181610/tools/bin/../lib/gcc/arm-none-eabi/7.3.1/thumb/v7e-m/fpv4-sp/hard/crtbegin.o
 .text          0x00000000080001f0       0xa0 c:/st/stm32cubeide_1.3.0/stm32cubeide/plugins/com.st.stm32cube.ide.mcu.externaltools.gnu-tools-for-stm32.7-2018-q2-update.win32_1.0.0.201904181610/tools/bin/../lib/gcc/arm-none-eabi/7.3.1/../../../../arm-none-eabi/lib/thumb/v7e-m/fpv4-sp/hard\libc_nano.a(lib_a-memchr.o)
                0x00000000080001f0                memchr
 .text          0x0000000008000290       0x30 c:/st/stm32cubeide_1.3.0/stm32cubeide/plugins/com.st.stm32cube.ide.mcu.externaltools.gnu-tools-for-stm32.7-2018-q2-update.win32_1.0.0.201904181610/tools/bin/../lib/gcc/arm-none-eabi/7.3.1/thumb/v7e-m/fpv4-sp/hard\libgcc.a(_aeabi_uldivmod.o)
                0x0000000008000290                __aeabi_uldivmod
 .text          0x00000000080002c0      0x2cc c:/st/stm32cubeide_1.3.0/stm32cubeide/plugins/com.st.stm32cube.ide.mcu.externaltools.gnu-tools-for-stm32.7-2018-q2-update.win32_1.0.0.201904181610/tools/bin/../lib/gcc/arm-none-eabi/7.3.1/thumb/v7e-m/fpv4-sp/hard\libgcc.a(_udivmoddi4.o)
                0x00000000080002c0                __udivmoddi4
 .text          0x000000000800058c        0x4 c:/st/stm32cubeide_1.3.0/stm32cubeide/plugins/com.st.stm32cube.ide.mcu.externaltools.gnu-tools-for-stm32.7-2018-q2-update.win32_1.0.0.201904181610/tools/bin/../lib/gcc/arm-none-eabi/7.3.1/thumb/v7e-m/fpv4-sp/hard\libgcc.a(_dvmd_tls.o)
                0x000000000800058c                __aeabi_idiv0
                0x000000000800058c                __aeabi_ldiv0
 *(.text*)
 .text.__NVIC_SystemReset
                0x0000000008000590       0x28 Core/Src/DAM.o
 .text.handle_DAM_error
                0x00000000080005b8       0x48 Core/Src/DAM.o
                0x00000000080005b8                handle_DAM_error
 .text.DAM_init
                0x0000000008000600      0x1a0 Core/Src/DAM.o
                0x0000000008000600                DAM_init
 .text.complete_DLM_handshake
                0x00000000080007a0      0x144 Core/Src/DAM.o
                0x00000000080007a0                complete_DLM_handshake
 .text.get_bucket_by_id
                0x00000000080008e4       0x48 Core/Src/DAM.o
                0x00000000080008e4                get_bucket_by_id
 .text.ADC_sensor_service
                0x000000000800092c      0x158 Core/Src/DAM.o
                0x000000000800092c                ADC_sensor_service
 .text.sensorCAN_service
                0x0000000008000a84       0xac Core/Src/DAM.o
                0x0000000008000a84                sensorCAN_service
 .text.fill_can_subparams
                0x0000000008000b30       0xac Core/Src/DAM.o
                0x0000000008000b30                fill_can_subparams
 .text.fill_analog_subparams
                0x0000000008000bdc       0xac Core/Src/DAM.o
                0x0000000008000bdc                fill_analog_subparams
 .text.send_bucket_task
                0x0000000008000c88      0x10a Core/Src/DAM.o
                0x0000000008000c88                send_bucket_task
 *fill*         0x0000000008000d92        0x2 
 .text.DAM_main_task
                0x0000000008000d94       0x3c Core/Src/DAM.o
                0x0000000008000d94                DAM_main_task
 .text.send_bucket_params
                0x0000000008000dd0       0x38 Core/Src/DAM.o
                0x0000000008000dd0                send_bucket_params
 .text.bucket_ok
                0x0000000008000e08       0x4e Core/Src/DAM.o
                0x0000000008000e08                bucket_ok
 *fill*         0x0000000008000e56        0x2 
 .text.bucket_requested
                0x0000000008000e58       0x8c Core/Src/DAM.o
                0x0000000008000e58                bucket_requested
 .text.custom_service_can_rx_hardware
                0x0000000008000ee4       0x44 Core/Src/DAM.o
                0x0000000008000ee4                custom_service_can_rx_hardware
 .text.gopherCAN_tx_service_task
                0x0000000008000f28       0x24 Core/Src/DAM.o
                0x0000000008000f28                gopherCAN_tx_service_task
 .text.gopherCAN_rx_buffer_service_task
                0x0000000008000f4c       0x2c Core/Src/DAM.o
                0x0000000008000f4c                gopherCAN_rx_buffer_service_task
 .text.main     0x0000000008000f78       0x98 Core/Src/main.o
                0x0000000008000f78                main
 .text.SystemClock_Config
                0x0000000008001010       0xc0 Core/Src/main.o
                0x0000000008001010                SystemClock_Config
 .text.MX_ADC1_Init
                0x00000000080010d0       0xa4 Core/Src/main.o
 .text.MX_ADC2_Init
                0x0000000008001174       0xa4 Core/Src/main.o
 .text.MX_ADC3_Init
                0x0000000008001218       0xa4 Core/Src/main.o
 .text.MX_CAN1_Init
                0x00000000080012bc       0x6c Core/Src/main.o
 .text.MX_CAN2_Init
                0x0000000008001328       0x6c Core/Src/main.o
 .text.MX_TIM10_Init
                0x0000000008001394       0x44 Core/Src/main.o
 .text.MX_TIM11_Init
                0x00000000080013d8       0x44 Core/Src/main.o
 .text.MX_TIM13_Init
                0x000000000800141c       0x44 Core/Src/main.o
 .text.MX_DMA_Init
                0x0000000008001460       0x60 Core/Src/main.o
 .text.MX_GPIO_Init
                0x00000000080014c0       0xa4 Core/Src/main.o
 .text.StartMainTask
                0x0000000008001564       0x12 Core/Src/main.o
                0x0000000008001564                StartMainTask
 .text.gopherCAN_tx_task
                0x0000000008001576       0x12 Core/Src/main.o
                0x0000000008001576                gopherCAN_tx_task
 .text.gcan_rx_buffer_service_task
                0x0000000008001588       0x12 Core/Src/main.o
                0x0000000008001588                gcan_rx_buffer_service_task
 *fill*         0x000000000800159a        0x2 
 .text.HAL_TIM_PeriodElapsedCallback
                0x000000000800159c       0x2c Core/Src/main.o
                0x000000000800159c                HAL_TIM_PeriodElapsedCallback
 .text.Error_Handler
                0x00000000080015c8        0xe Core/Src/main.o
                0x00000000080015c8                Error_Handler
 *fill*         0x00000000080015d6        0x2 
 .text.HAL_MspInit
                0x00000000080015d8       0x58 Core/Src/stm32f4xx_hal_msp.o
                0x00000000080015d8                HAL_MspInit
 .text.HAL_ADC_MspInit
                0x0000000008001630      0x2b8 Core/Src/stm32f4xx_hal_msp.o
                0x0000000008001630                HAL_ADC_MspInit
 .text.HAL_CAN_MspInit
                0x00000000080018e8      0x194 Core/Src/stm32f4xx_hal_msp.o
                0x00000000080018e8                HAL_CAN_MspInit
 .text.HAL_TIM_Base_MspInit
                0x0000000008001a7c       0xc8 Core/Src/stm32f4xx_hal_msp.o
                0x0000000008001a7c                HAL_TIM_Base_MspInit
 .text.HAL_InitTick
                0x0000000008001b44       0xb0 Core/Src/stm32f4xx_hal_timebase_tim.o
                0x0000000008001b44                HAL_InitTick
 .text.NMI_Handler
                0x0000000008001bf4        0xe Core/Src/stm32f4xx_it.o
                0x0000000008001bf4                NMI_Handler
 .text.HardFault_Handler
                0x0000000008001c02        0x6 Core/Src/stm32f4xx_it.o
                0x0000000008001c02                HardFault_Handler
 .text.MemManage_Handler
                0x0000000008001c08        0x6 Core/Src/stm32f4xx_it.o
                0x0000000008001c08                MemManage_Handler
 .text.BusFault_Handler
                0x0000000008001c0e        0x6 Core/Src/stm32f4xx_it.o
                0x0000000008001c0e                BusFault_Handler
 .text.UsageFault_Handler
                0x0000000008001c14        0x6 Core/Src/stm32f4xx_it.o
                0x0000000008001c14                UsageFault_Handler
 .text.DebugMon_Handler
                0x0000000008001c1a        0xe Core/Src/stm32f4xx_it.o
                0x0000000008001c1a                DebugMon_Handler
 .text.ADC_IRQHandler
                0x0000000008001c28       0x28 Core/Src/stm32f4xx_it.o
                0x0000000008001c28                ADC_IRQHandler
 .text.CAN1_TX_IRQHandler
                0x0000000008001c50       0x14 Core/Src/stm32f4xx_it.o
                0x0000000008001c50                CAN1_TX_IRQHandler
 .text.CAN1_RX0_IRQHandler
                0x0000000008001c64       0x14 Core/Src/stm32f4xx_it.o
                0x0000000008001c64                CAN1_RX0_IRQHandler
 .text.CAN1_RX1_IRQHandler
                0x0000000008001c78       0x14 Core/Src/stm32f4xx_it.o
                0x0000000008001c78                CAN1_RX1_IRQHandler
 .text.TIM1_UP_TIM10_IRQHandler
                0x0000000008001c8c       0x14 Core/Src/stm32f4xx_it.o
                0x0000000008001c8c                TIM1_UP_TIM10_IRQHandler
 .text.TIM1_TRG_COM_TIM11_IRQHandler
                0x0000000008001ca0       0x14 Core/Src/stm32f4xx_it.o
                0x0000000008001ca0                TIM1_TRG_COM_TIM11_IRQHandler
 .text.TIM8_UP_TIM13_IRQHandler
                0x0000000008001cb4       0x14 Core/Src/stm32f4xx_it.o
                0x0000000008001cb4                TIM8_UP_TIM13_IRQHandler
 .text.TIM8_TRG_COM_TIM14_IRQHandler
                0x0000000008001cc8       0x14 Core/Src/stm32f4xx_it.o
                0x0000000008001cc8                TIM8_TRG_COM_TIM14_IRQHandler
 .text.DMA2_Stream0_IRQHandler
                0x0000000008001cdc       0x14 Core/Src/stm32f4xx_it.o
                0x0000000008001cdc                DMA2_Stream0_IRQHandler
 .text.DMA2_Stream1_IRQHandler
                0x0000000008001cf0       0x14 Core/Src/stm32f4xx_it.o
                0x0000000008001cf0                DMA2_Stream1_IRQHandler
 .text.DMA2_Stream2_IRQHandler
                0x0000000008001d04       0x14 Core/Src/stm32f4xx_it.o
                0x0000000008001d04                DMA2_Stream2_IRQHandler
 .text.CAN2_RX0_IRQHandler
                0x0000000008001d18       0x14 Core/Src/stm32f4xx_it.o
                0x0000000008001d18                CAN2_RX0_IRQHandler
 .text.CAN2_RX1_IRQHandler
                0x0000000008001d2c       0x14 Core/Src/stm32f4xx_it.o
                0x0000000008001d2c                CAN2_RX1_IRQHandler
 .text._sbrk    0x0000000008001d40       0x58 Core/Src/sysmem.o
                0x0000000008001d40                _sbrk
 .text.SystemInit
                0x0000000008001d98       0x2c Core/Src/system_stm32f4xx.o
                0x0000000008001d98                SystemInit
 .text.Reset_Handler
                0x0000000008001dc4       0x50 Core/Startup/startup_stm32f429zitx.o
                0x0000000008001dc4                Reset_Handler
 .text.Default_Handler
                0x0000000008001e14        0x2 Core/Startup/startup_stm32f429zitx.o
                0x0000000008001e14                RTC_Alarm_IRQHandler
                0x0000000008001e14                HASH_RNG_IRQHandler
                0x0000000008001e14                EXTI2_IRQHandler
                0x0000000008001e14                TIM8_CC_IRQHandler
                0x0000000008001e14                UART8_IRQHandler
                0x0000000008001e14                SPI4_IRQHandler
                0x0000000008001e14                TIM1_CC_IRQHandler
                0x0000000008001e14                DMA2_Stream5_IRQHandler
                0x0000000008001e14                DMA1_Stream5_IRQHandler
                0x0000000008001e14                PVD_IRQHandler
                0x0000000008001e14                SDIO_IRQHandler
                0x0000000008001e14                TAMP_STAMP_IRQHandler
                0x0000000008001e14                EXTI3_IRQHandler
                0x0000000008001e14                I2C3_ER_IRQHandler
                0x0000000008001e14                EXTI0_IRQHandler
                0x0000000008001e14                I2C2_EV_IRQHandler
                0x0000000008001e14                DMA1_Stream2_IRQHandler
                0x0000000008001e14                FPU_IRQHandler
                0x0000000008001e14                OTG_HS_WKUP_IRQHandler
                0x0000000008001e14                LTDC_ER_IRQHandler
                0x0000000008001e14                CAN2_SCE_IRQHandler
                0x0000000008001e14                SPI1_IRQHandler
                0x0000000008001e14                TIM6_DAC_IRQHandler
                0x0000000008001e14                TIM1_BRK_TIM9_IRQHandler
                0x0000000008001e14                DCMI_IRQHandler
                0x0000000008001e14                DMA2_Stream3_IRQHandler
                0x0000000008001e14                USART6_IRQHandler
                0x0000000008001e14                USART3_IRQHandler
                0x0000000008001e14                UART5_IRQHandler
                0x0000000008001e14                TIM4_IRQHandler
                0x0000000008001e14                I2C1_EV_IRQHandler
                0x0000000008001e14                DMA1_Stream6_IRQHandler
                0x0000000008001e14                DMA1_Stream1_IRQHandler
                0x0000000008001e14                UART4_IRQHandler
                0x0000000008001e14                TIM3_IRQHandler
                0x0000000008001e14                RCC_IRQHandler
                0x0000000008001e14                TIM8_BRK_TIM12_IRQHandler
                0x0000000008001e14                Default_Handler
                0x0000000008001e14                EXTI15_10_IRQHandler
                0x0000000008001e14                DMA1_Stream7_IRQHandler
                0x0000000008001e14                SPI5_IRQHandler
                0x0000000008001e14                TIM7_IRQHandler
                0x0000000008001e14                CAN2_TX_IRQHandler
                0x0000000008001e14                TIM5_IRQHandler
                0x0000000008001e14                DMA2_Stream7_IRQHandler
                0x0000000008001e14                I2C3_EV_IRQHandler
                0x0000000008001e14                EXTI9_5_IRQHandler
                0x0000000008001e14                RTC_WKUP_IRQHandler
                0x0000000008001e14                LTDC_IRQHandler
                0x0000000008001e14                ETH_WKUP_IRQHandler
                0x0000000008001e14                SPI2_IRQHandler
                0x0000000008001e14                OTG_HS_EP1_IN_IRQHandler
                0x0000000008001e14                DMA1_Stream0_IRQHandler
                0x0000000008001e14                EXTI4_IRQHandler
                0x0000000008001e14                ETH_IRQHandler
                0x0000000008001e14                OTG_HS_EP1_OUT_IRQHandler
                0x0000000008001e14                WWDG_IRQHandler
                0x0000000008001e14                SPI6_IRQHandler
                0x0000000008001e14                TIM2_IRQHandler
                0x0000000008001e14                OTG_FS_WKUP_IRQHandler
                0x0000000008001e14                OTG_HS_IRQHandler
                0x0000000008001e14                DMA2D_IRQHandler
                0x0000000008001e14                EXTI1_IRQHandler
                0x0000000008001e14                UART7_IRQHandler
                0x0000000008001e14                USART2_IRQHandler
                0x0000000008001e14                I2C2_ER_IRQHandler
                0x0000000008001e14                CAN1_SCE_IRQHandler
                0x0000000008001e14                FLASH_IRQHandler
                0x0000000008001e14                DMA2_Stream4_IRQHandler
                0x0000000008001e14                USART1_IRQHandler
                0x0000000008001e14                OTG_FS_IRQHandler
                0x0000000008001e14                SPI3_IRQHandler
                0x0000000008001e14                DMA1_Stream4_IRQHandler
                0x0000000008001e14                I2C1_ER_IRQHandler
                0x0000000008001e14                FMC_IRQHandler
                0x0000000008001e14                DMA2_Stream6_IRQHandler
                0x0000000008001e14                SAI1_IRQHandler
                0x0000000008001e14                DMA1_Stream3_IRQHandler
 *fill*         0x0000000008001e16        0x2 
 .text.init_adc1_params
                0x0000000008001e18      0x15c Core/c-libraries/Gopher_Sense/Build/dam_hw_config.o
                0x0000000008001e18                init_adc1_params
 .text.init_adc2_params
                0x0000000008001f74        0xe Core/c-libraries/Gopher_Sense/Build/dam_hw_config.o
                0x0000000008001f74                init_adc2_params
 *fill*         0x0000000008001f82        0x2 
 .text.init_adc3_params
                0x0000000008001f84       0x80 Core/c-libraries/Gopher_Sense/Build/dam_hw_config.o
                0x0000000008001f84                init_adc3_params
 .text.init_can_params
                0x0000000008002004      0x210 Core/c-libraries/Gopher_Sense/Build/dam_hw_config.o
                0x0000000008002004                init_can_params
 .text.init_buckets
                0x0000000008002214      0x13c Core/c-libraries/Gopher_Sense/Build/dam_hw_config.o
                0x0000000008002214                init_buckets
 .text.init_analog_sensors
                0x0000000008002350      0x170 Core/c-libraries/Gopher_Sense/Build/gopher_sense.o
                0x0000000008002350                init_analog_sensors
 .text.init_can_sensors
                0x00000000080024c0      0x54c Core/c-libraries/Gopher_Sense/Build/gopher_sense.o
                0x00000000080024c0                init_can_sensors
 .text.init_sensor_hal
                0x0000000008002a0c       0x24 Core/c-libraries/Gopher_Sense/lib/gopher_sense_lib.o
                0x0000000008002a0c                init_sensor_hal
 .text.configLibADC
                0x0000000008002a30       0x38 Core/c-libraries/Gopher_Sense/lib/gopher_sense_lib.o
                0x0000000008002a30                configLibADC
 .text.HAL_ADC_ConvCpltCallback
                0x0000000008002a68       0xf4 Core/c-libraries/Gopher_Sense/lib/gopher_sense_lib.o
                0x0000000008002a68                HAL_ADC_ConvCpltCallback
 .text.configLibTIM
                0x0000000008002b5c       0x64 Core/c-libraries/Gopher_Sense/lib/gopher_sense_lib.o
                0x0000000008002b5c                configLibTIM
 .text.configTimer
                0x0000000008002bc0       0x9c Core/c-libraries/Gopher_Sense/lib/gopher_sense_lib.o
                0x0000000008002bc0                configTimer
 .text.startTimers
                0x0000000008002c5c       0x34 Core/c-libraries/Gopher_Sense/lib/gopher_sense_lib.o
                0x0000000008002c5c                startTimers
 .text.stopTimers
                0x0000000008002c90       0x50 Core/c-libraries/Gopher_Sense/lib/gopher_sense_lib.o
                0x0000000008002c90                stopTimers
 .text.DAQ_TimerCallback
                0x0000000008002ce0       0x90 Core/c-libraries/Gopher_Sense/lib/gopher_sense_lib.o
                0x0000000008002ce0                DAQ_TimerCallback
 .text.sensor_can_message_handle
                0x0000000008002d70      0x19c Core/c-libraries/Gopher_Sense/lib/gopher_sense_lib.o
                0x0000000008002d70                sensor_can_message_handle
 .text.buffer_full
                0x0000000008002f0c       0x34 Core/c-libraries/Gopher_Sense/lib/gopher_sense_lib.o
                0x0000000008002f0c                buffer_full
 .text.add_to_buffer
                0x0000000008002f40       0x50 Core/c-libraries/Gopher_Sense/lib/gopher_sense_lib.o
                0x0000000008002f40                add_to_buffer
 .text.reset_buffer
                0x0000000008002f90       0x28 Core/c-libraries/Gopher_Sense/lib/gopher_sense_lib.o
                0x0000000008002f90                reset_buffer
 .text.average_buffer
                0x0000000008002fb8       0x68 Core/c-libraries/Gopher_Sense/lib/gopher_sense_lib.o
                0x0000000008002fb8                average_buffer
 .text.apply_can_sensor_conversion
                0x0000000008003020       0x26 Core/c-libraries/Gopher_Sense/lib/gopher_sense_lib.o
                0x0000000008003020                apply_can_sensor_conversion
 .text.apply_analog_sensor_conversion
                0x0000000008003046       0x22 Core/c-libraries/Gopher_Sense/lib/gopher_sense_lib.o
                0x0000000008003046                apply_analog_sensor_conversion
 .text.apply_filter
                0x0000000008003068       0x18 Core/c-libraries/Gopher_Sense/lib/gopher_sense_lib.o
                0x0000000008003068                apply_filter
 .text.init_can
                0x0000000008003080      0x104 Core/c-libraries/gophercan-lib/GopherCAN.o
                0x0000000008003080                init_can
 .text.init_all_params
                0x0000000008003184       0x58 Core/c-libraries/gophercan-lib/GopherCAN.o
 .text.init_filters
                0x00000000080031dc      0x110 Core/c-libraries/gophercan-lib/GopherCAN.o
 .text.HAL_CAN_RxFifo0MsgPendingCallback
                0x00000000080032ec       0x18 Core/c-libraries/gophercan-lib/GopherCAN.o
                0x00000000080032ec                HAL_CAN_RxFifo0MsgPendingCallback
 .text.HAL_CAN_RxFifo1MsgPendingCallback
                0x0000000008003304       0x18 Core/c-libraries/gophercan-lib/GopherCAN.o
                0x0000000008003304                HAL_CAN_RxFifo1MsgPendingCallback
 .text.send_can_command
                0x000000000800331c       0x98 Core/c-libraries/gophercan-lib/GopherCAN.o
                0x000000000800331c                send_can_command
 .text.send_parameter
                0x00000000080033b4      0x210 Core/c-libraries/gophercan-lib/GopherCAN.o
                0x00000000080033b4                send_parameter
 .text.add_custom_can_func
                0x00000000080035c4       0x60 Core/c-libraries/gophercan-lib/GopherCAN.o
                0x00000000080035c4                add_custom_can_func
 .text.service_can_tx_hardware
                0x0000000008003624       0xa4 Core/c-libraries/gophercan-lib/GopherCAN.o
                0x0000000008003624                service_can_tx_hardware
 .text.service_can_rx_hardware
                0x00000000080036c8       0x9c Core/c-libraries/gophercan-lib/GopherCAN.o
                0x00000000080036c8                service_can_rx_hardware
 .text.service_can_rx_buffer
                0x0000000008003764       0x48 Core/c-libraries/gophercan-lib/GopherCAN.o
                0x0000000008003764                service_can_rx_buffer
 .text.tx_can_message
                0x00000000080037ac       0x5c Core/c-libraries/gophercan-lib/GopherCAN.o
 .text.service_can_rx_message
                0x0000000008003808      0x20c Core/c-libraries/gophercan-lib/GopherCAN.o
 .text.parameter_requested
                0x0000000008003a14       0x5c Core/c-libraries/gophercan-lib/GopherCAN.o
 .text.run_can_command
                0x0000000008003a70       0xb4 Core/c-libraries/gophercan-lib/GopherCAN.o
 .text.build_message_id
                0x0000000008003b24       0xc0 Core/c-libraries/gophercan-lib/GopherCAN.o
 .text.get_message_id
                0x0000000008003be4       0x6e Core/c-libraries/gophercan-lib/GopherCAN.o
 *fill*         0x0000000008003c52        0x2 
 .text.send_error_message
                0x0000000008003c54       0x5c Core/c-libraries/gophercan-lib/GopherCAN.o
 .text.HAL_CAN_TxMailbox0CompleteCallback
                0x0000000008003cb0       0x16 Core/c-libraries/gophercan-lib/GopherCAN.o
                0x0000000008003cb0                HAL_CAN_TxMailbox0CompleteCallback
 .text.HAL_CAN_TxMailbox1CompleteCallback
                0x0000000008003cc6       0x16 Core/c-libraries/gophercan-lib/GopherCAN.o
                0x0000000008003cc6                HAL_CAN_TxMailbox1CompleteCallback
 .text.HAL_CAN_TxMailbox2CompleteCallback
                0x0000000008003cdc       0x16 Core/c-libraries/gophercan-lib/GopherCAN.o
                0x0000000008003cdc                HAL_CAN_TxMailbox2CompleteCallback
 .text.HAL_CAN_TxMailbox0AbortCallback
                0x0000000008003cf2       0x16 Core/c-libraries/gophercan-lib/GopherCAN.o
                0x0000000008003cf2                HAL_CAN_TxMailbox0AbortCallback
 .text.HAL_CAN_TxMailbox1AbortCallback
                0x0000000008003d08       0x16 Core/c-libraries/gophercan-lib/GopherCAN.o
                0x0000000008003d08                HAL_CAN_TxMailbox1AbortCallback
 .text.HAL_CAN_TxMailbox2AbortCallback
                0x0000000008003d1e       0x16 Core/c-libraries/gophercan-lib/GopherCAN.o
                0x0000000008003d1e                HAL_CAN_TxMailbox2AbortCallback
 .text.do_nothing
                0x0000000008003d34       0x24 Core/c-libraries/gophercan-lib/GopherCAN.o
                0x0000000008003d34                do_nothing
 .text.init_buffer
                0x0000000008003d58       0x32 Core/c-libraries/gophercan-lib/GopherCAN_ring_buffer.o
                0x0000000008003d58                init_buffer
 .text.remove_from_front
                0x0000000008003d8a       0x44 Core/c-libraries/gophercan-lib/GopherCAN_ring_buffer.o
                0x0000000008003d8a                remove_from_front
 .text.add_message_by_highest_prio
                0x0000000008003dce       0xe8 Core/c-libraries/gophercan-lib/GopherCAN_ring_buffer.o
                0x0000000008003dce                add_message_by_highest_prio
 .text.copy_message
                0x0000000008003eb6       0x56 Core/c-libraries/gophercan-lib/GopherCAN_ring_buffer.o
 .text.HAL_Init
                0x0000000008003f0c       0x44 Drivers/STM32F4xx_HAL_Driver/Src/stm32f4xx_hal.o
                0x0000000008003f0c                HAL_Init
 .text.HAL_IncTick
                0x0000000008003f50       0x28 Drivers/STM32F4xx_HAL_Driver/Src/stm32f4xx_hal.o
                0x0000000008003f50                HAL_IncTick
 .text.HAL_GetTick
                0x0000000008003f78       0x18 Drivers/STM32F4xx_HAL_Driver/Src/stm32f4xx_hal.o
                0x0000000008003f78                HAL_GetTick
 .text.HAL_SetTickFreq
                0x0000000008003f90       0x50 Drivers/STM32F4xx_HAL_Driver/Src/stm32f4xx_hal.o
                0x0000000008003f90                HAL_SetTickFreq
 .text.HAL_ADC_Init
                0x0000000008003fe0       0x86 Drivers/STM32F4xx_HAL_Driver/Src/stm32f4xx_hal_adc.o
                0x0000000008003fe0                HAL_ADC_Init
 .text.HAL_ADC_IRQHandler
                0x0000000008004066      0x282 Drivers/STM32F4xx_HAL_Driver/Src/stm32f4xx_hal_adc.o
                0x0000000008004066                HAL_ADC_IRQHandler
 .text.HAL_ADC_Start_DMA
                0x00000000080042e8      0x1e4 Drivers/STM32F4xx_HAL_Driver/Src/stm32f4xx_hal_adc.o
                0x00000000080042e8                HAL_ADC_Start_DMA
 .text.HAL_ADC_Stop_DMA
                0x00000000080044cc       0x94 Drivers/STM32F4xx_HAL_Driver/Src/stm32f4xx_hal_adc.o
                0x00000000080044cc                HAL_ADC_Stop_DMA
 .text.HAL_ADC_ConvHalfCpltCallback
                0x0000000008004560       0x14 Drivers/STM32F4xx_HAL_Driver/Src/stm32f4xx_hal_adc.o
                0x0000000008004560                HAL_ADC_ConvHalfCpltCallback
 .text.HAL_ADC_LevelOutOfWindowCallback
                0x0000000008004574       0x14 Drivers/STM32F4xx_HAL_Driver/Src/stm32f4xx_hal_adc.o
                0x0000000008004574                HAL_ADC_LevelOutOfWindowCallback
 .text.HAL_ADC_ErrorCallback
                0x0000000008004588       0x14 Drivers/STM32F4xx_HAL_Driver/Src/stm32f4xx_hal_adc.o
                0x0000000008004588                HAL_ADC_ErrorCallback
 .text.HAL_ADC_ConfigChannel
                0x000000000800459c      0x264 Drivers/STM32F4xx_HAL_Driver/Src/stm32f4xx_hal_adc.o
                0x000000000800459c                HAL_ADC_ConfigChannel
 .text.ADC_Init
                0x0000000008004800      0x1f8 Drivers/STM32F4xx_HAL_Driver/Src/stm32f4xx_hal_adc.o
 .text.ADC_DMAConvCplt
                0x00000000080049f8       0xba Drivers/STM32F4xx_HAL_Driver/Src/stm32f4xx_hal_adc.o
 .text.ADC_DMAHalfConvCplt
                0x0000000008004ab2       0x1c Drivers/STM32F4xx_HAL_Driver/Src/stm32f4xx_hal_adc.o
 .text.ADC_DMAError
                0x0000000008004ace       0x2e Drivers/STM32F4xx_HAL_Driver/Src/stm32f4xx_hal_adc.o
 .text.HAL_ADCEx_InjectedConvCpltCallback
                0x0000000008004afc       0x14 Drivers/STM32F4xx_HAL_Driver/Src/stm32f4xx_hal_adc_ex.o
                0x0000000008004afc                HAL_ADCEx_InjectedConvCpltCallback
 .text.HAL_CAN_Init
                0x0000000008004b10      0x1f6 Drivers/STM32F4xx_HAL_Driver/Src/stm32f4xx_hal_can.o
                0x0000000008004b10                HAL_CAN_Init
 *fill*         0x0000000008004d06        0x2 
 .text.HAL_CAN_ConfigFilter
                0x0000000008004d08      0x1c0 Drivers/STM32F4xx_HAL_Driver/Src/stm32f4xx_hal_can.o
                0x0000000008004d08                HAL_CAN_ConfigFilter
 .text.HAL_CAN_Start
                0x0000000008004ec8       0x88 Drivers/STM32F4xx_HAL_Driver/Src/stm32f4xx_hal_can.o
                0x0000000008004ec8                HAL_CAN_Start
 .text.HAL_CAN_AddTxMessage
                0x0000000008004f50      0x1b6 Drivers/STM32F4xx_HAL_Driver/Src/stm32f4xx_hal_can.o
                0x0000000008004f50                HAL_CAN_AddTxMessage
 .text.HAL_CAN_GetTxMailboxesFreeLevel
                0x0000000008005106       0x6a Drivers/STM32F4xx_HAL_Driver/Src/stm32f4xx_hal_can.o
                0x0000000008005106                HAL_CAN_GetTxMailboxesFreeLevel
 .text.HAL_CAN_GetRxMessage
                0x0000000008005170      0x224 Drivers/STM32F4xx_HAL_Driver/Src/stm32f4xx_hal_can.o
                0x0000000008005170                HAL_CAN_GetRxMessage
 .text.HAL_CAN_GetRxFifoFillLevel
                0x0000000008005394       0x50 Drivers/STM32F4xx_HAL_Driver/Src/stm32f4xx_hal_can.o
                0x0000000008005394                HAL_CAN_GetRxFifoFillLevel
 .text.HAL_CAN_ActivateNotification
                0x00000000080053e4       0x4c Drivers/STM32F4xx_HAL_Driver/Src/stm32f4xx_hal_can.o
                0x00000000080053e4                HAL_CAN_ActivateNotification
 .text.HAL_CAN_DeactivateNotification
                0x0000000008005430       0x4e Drivers/STM32F4xx_HAL_Driver/Src/stm32f4xx_hal_can.o
                0x0000000008005430                HAL_CAN_DeactivateNotification
 .text.HAL_CAN_IRQHandler
                0x000000000800547e      0x362 Drivers/STM32F4xx_HAL_Driver/Src/stm32f4xx_hal_can.o
                0x000000000800547e                HAL_CAN_IRQHandler
 .text.HAL_CAN_RxFifo0FullCallback
                0x00000000080057e0       0x14 Drivers/STM32F4xx_HAL_Driver/Src/stm32f4xx_hal_can.o
                0x00000000080057e0                HAL_CAN_RxFifo0FullCallback
 .text.HAL_CAN_RxFifo1FullCallback
                0x00000000080057f4       0x14 Drivers/STM32F4xx_HAL_Driver/Src/stm32f4xx_hal_can.o
                0x00000000080057f4                HAL_CAN_RxFifo1FullCallback
 .text.HAL_CAN_SleepCallback
                0x0000000008005808       0x14 Drivers/STM32F4xx_HAL_Driver/Src/stm32f4xx_hal_can.o
                0x0000000008005808                HAL_CAN_SleepCallback
 .text.HAL_CAN_WakeUpFromRxMsgCallback
                0x000000000800581c       0x14 Drivers/STM32F4xx_HAL_Driver/Src/stm32f4xx_hal_can.o
                0x000000000800581c                HAL_CAN_WakeUpFromRxMsgCallback
 .text.HAL_CAN_ErrorCallback
                0x0000000008005830       0x14 Drivers/STM32F4xx_HAL_Driver/Src/stm32f4xx_hal_can.o
                0x0000000008005830                HAL_CAN_ErrorCallback
 .text.__NVIC_SetPriorityGrouping
                0x0000000008005844       0x48 Drivers/STM32F4xx_HAL_Driver/Src/stm32f4xx_hal_cortex.o
 .text.__NVIC_GetPriorityGrouping
                0x000000000800588c       0x1c Drivers/STM32F4xx_HAL_Driver/Src/stm32f4xx_hal_cortex.o
 .text.__NVIC_EnableIRQ
                0x00000000080058a8       0x3c Drivers/STM32F4xx_HAL_Driver/Src/stm32f4xx_hal_cortex.o
 .text.__NVIC_SetPriority
                0x00000000080058e4       0x54 Drivers/STM32F4xx_HAL_Driver/Src/stm32f4xx_hal_cortex.o
 .text.NVIC_EncodePriority
                0x0000000008005938       0x66 Drivers/STM32F4xx_HAL_Driver/Src/stm32f4xx_hal_cortex.o
 .text.HAL_NVIC_SetPriorityGrouping
                0x000000000800599e       0x16 Drivers/STM32F4xx_HAL_Driver/Src/stm32f4xx_hal_cortex.o
                0x000000000800599e                HAL_NVIC_SetPriorityGrouping
 .text.HAL_NVIC_SetPriority
                0x00000000080059b4       0x38 Drivers/STM32F4xx_HAL_Driver/Src/stm32f4xx_hal_cortex.o
                0x00000000080059b4                HAL_NVIC_SetPriority
 .text.HAL_NVIC_EnableIRQ
                0x00000000080059ec       0x1c Drivers/STM32F4xx_HAL_Driver/Src/stm32f4xx_hal_cortex.o
                0x00000000080059ec                HAL_NVIC_EnableIRQ
 .text.HAL_DMA_Init
                0x0000000008005a08      0x15c Drivers/STM32F4xx_HAL_Driver/Src/stm32f4xx_hal_dma.o
                0x0000000008005a08                HAL_DMA_Init
 .text.HAL_DMA_Start_IT
                0x0000000008005b64       0xb0 Drivers/STM32F4xx_HAL_Driver/Src/stm32f4xx_hal_dma.o
                0x0000000008005b64                HAL_DMA_Start_IT
 .text.HAL_DMA_Abort
                0x0000000008005c14       0xe0 Drivers/STM32F4xx_HAL_Driver/Src/stm32f4xx_hal_dma.o
                0x0000000008005c14                HAL_DMA_Abort
 .text.HAL_DMA_IRQHandler
                0x0000000008005cf4      0x314 Drivers/STM32F4xx_HAL_Driver/Src/stm32f4xx_hal_dma.o
                0x0000000008005cf4                HAL_DMA_IRQHandler
 .text.DMA_SetConfig
                0x0000000008006008       0x5c Drivers/STM32F4xx_HAL_Driver/Src/stm32f4xx_hal_dma.o
 .text.DMA_CalcBaseAndBitshift
                0x0000000008006064       0x6c Drivers/STM32F4xx_HAL_Driver/Src/stm32f4xx_hal_dma.o
 .text.DMA_CheckFifoParam
                0x00000000080060d0       0xf4 Drivers/STM32F4xx_HAL_Driver/Src/stm32f4xx_hal_dma.o
 .text.HAL_GPIO_Init
                0x00000000080061c4      0x354 Drivers/STM32F4xx_HAL_Driver/Src/stm32f4xx_hal_gpio.o
                0x00000000080061c4                HAL_GPIO_Init
 .text.HAL_RCC_OscConfig
                0x0000000008006518      0x4e0 Drivers/STM32F4xx_HAL_Driver/Src/stm32f4xx_hal_rcc.o
                0x0000000008006518                HAL_RCC_OscConfig
 .text.HAL_RCC_ClockConfig
                0x00000000080069f8      0x1cc Drivers/STM32F4xx_HAL_Driver/Src/stm32f4xx_hal_rcc.o
                0x00000000080069f8                HAL_RCC_ClockConfig
 .text.HAL_RCC_GetSysClockFreq
                0x0000000008006bc4      0x164 Drivers/STM32F4xx_HAL_Driver/Src/stm32f4xx_hal_rcc.o
                0x0000000008006bc4                HAL_RCC_GetSysClockFreq
 .text.HAL_RCC_GetHCLKFreq
                0x0000000008006d28       0x18 Drivers/STM32F4xx_HAL_Driver/Src/stm32f4xx_hal_rcc.o
                0x0000000008006d28                HAL_RCC_GetHCLKFreq
 .text.HAL_RCC_GetPCLK1Freq
                0x0000000008006d40       0x28 Drivers/STM32F4xx_HAL_Driver/Src/stm32f4xx_hal_rcc.o
                0x0000000008006d40                HAL_RCC_GetPCLK1Freq
 .text.HAL_RCC_GetClockConfig
                0x0000000008006d68       0x64 Drivers/STM32F4xx_HAL_Driver/Src/stm32f4xx_hal_rcc.o
                0x0000000008006d68                HAL_RCC_GetClockConfig
 .text.HAL_TIM_Base_Init
                0x0000000008006dcc       0x56 Drivers/STM32F4xx_HAL_Driver/Src/stm32f4xx_hal_tim.o
                0x0000000008006dcc                HAL_TIM_Base_Init
 .text.HAL_TIM_Base_Start_IT
                0x0000000008006e22       0x48 Drivers/STM32F4xx_HAL_Driver/Src/stm32f4xx_hal_tim.o
                0x0000000008006e22                HAL_TIM_Base_Start_IT
 .text.HAL_TIM_Base_Stop_IT
                0x0000000008006e6a       0x56 Drivers/STM32F4xx_HAL_Driver/Src/stm32f4xx_hal_tim.o
                0x0000000008006e6a                HAL_TIM_Base_Stop_IT
 .text.HAL_TIM_IRQHandler
                0x0000000008006ec0      0x210 Drivers/STM32F4xx_HAL_Driver/Src/stm32f4xx_hal_tim.o
                0x0000000008006ec0                HAL_TIM_IRQHandler
 .text.HAL_TIM_OC_DelayElapsedCallback
                0x00000000080070d0       0x14 Drivers/STM32F4xx_HAL_Driver/Src/stm32f4xx_hal_tim.o
                0x00000000080070d0                HAL_TIM_OC_DelayElapsedCallback
 .text.HAL_TIM_IC_CaptureCallback
                0x00000000080070e4       0x14 Drivers/STM32F4xx_HAL_Driver/Src/stm32f4xx_hal_tim.o
                0x00000000080070e4                HAL_TIM_IC_CaptureCallback
 .text.HAL_TIM_PWM_PulseFinishedCallback
                0x00000000080070f8       0x14 Drivers/STM32F4xx_HAL_Driver/Src/stm32f4xx_hal_tim.o
                0x00000000080070f8                HAL_TIM_PWM_PulseFinishedCallback
 .text.HAL_TIM_TriggerCallback
                0x000000000800710c       0x14 Drivers/STM32F4xx_HAL_Driver/Src/stm32f4xx_hal_tim.o
                0x000000000800710c                HAL_TIM_TriggerCallback
 .text.TIM_Base_SetConfig
                0x0000000008007120      0x140 Drivers/STM32F4xx_HAL_Driver/Src/stm32f4xx_hal_tim.o
                0x0000000008007120                TIM_Base_SetConfig
 .text.HAL_TIMEx_CommutCallback
                0x0000000008007260       0x14 Drivers/STM32F4xx_HAL_Driver/Src/stm32f4xx_hal_tim_ex.o
                0x0000000008007260                HAL_TIMEx_CommutCallback
 .text.HAL_TIMEx_BreakCallback
                0x0000000008007274       0x14 Drivers/STM32F4xx_HAL_Driver/Src/stm32f4xx_hal_tim_ex.o
                0x0000000008007274                HAL_TIMEx_BreakCallback
 .text.SVC_Setup
                0x0000000008007288        0xe Middlewares/Third_Party/FreeRTOS/Source/CMSIS_RTOS_V2/cmsis_os2.o
 *fill*         0x0000000008007296        0x2 
 .text.osKernelInitialize
                0x0000000008007298       0x68 Middlewares/Third_Party/FreeRTOS/Source/CMSIS_RTOS_V2/cmsis_os2.o
                0x0000000008007298                osKernelInitialize
 .text.osKernelStart
                0x0000000008007300       0x6c Middlewares/Third_Party/FreeRTOS/Source/CMSIS_RTOS_V2/cmsis_os2.o
                0x0000000008007300                osKernelStart
 .text.osThreadNew
                0x000000000800736c      0x14c Middlewares/Third_Party/FreeRTOS/Source/CMSIS_RTOS_V2/cmsis_os2.o
                0x000000000800736c                osThreadNew
 .text.osDelay  0x00000000080074b8       0x5c Middlewares/Third_Party/FreeRTOS/Source/CMSIS_RTOS_V2/cmsis_os2.o
                0x00000000080074b8                osDelay
 .text.vApplicationGetIdleTaskMemory
                0x0000000008007514       0x34 Middlewares/Third_Party/FreeRTOS/Source/CMSIS_RTOS_V2/cmsis_os2.o
                0x0000000008007514                vApplicationGetIdleTaskMemory
 .text.vApplicationGetTimerTaskMemory
                0x0000000008007548       0x34 Middlewares/Third_Party/FreeRTOS/Source/CMSIS_RTOS_V2/cmsis_os2.o
                0x0000000008007548                vApplicationGetTimerTaskMemory
 .text.vListInitialise
                0x000000000800757c       0x40 Middlewares/Third_Party/FreeRTOS/Source/list.o
                0x000000000800757c                vListInitialise
 .text.vListInitialiseItem
                0x00000000080075bc       0x1a Middlewares/Third_Party/FreeRTOS/Source/list.o
                0x00000000080075bc                vListInitialiseItem
 .text.vListInsertEnd
                0x00000000080075d6       0x48 Middlewares/Third_Party/FreeRTOS/Source/list.o
                0x00000000080075d6                vListInsertEnd
 .text.vListInsert
                0x000000000800761e       0x72 Middlewares/Third_Party/FreeRTOS/Source/list.o
                0x000000000800761e                vListInsert
 .text.uxListRemove
                0x0000000008007690       0x54 Middlewares/Third_Party/FreeRTOS/Source/list.o
                0x0000000008007690                uxListRemove
 .text.xQueueGenericReset
                0x00000000080076e4       0xd0 Middlewares/Third_Party/FreeRTOS/Source/queue.o
                0x00000000080076e4                xQueueGenericReset
 .text.xQueueGenericCreateStatic
                0x00000000080077b4       0xe6 Middlewares/Third_Party/FreeRTOS/Source/queue.o
                0x00000000080077b4                xQueueGenericCreateStatic
 .text.prvInitialiseNewQueue
                0x000000000800789a       0x46 Middlewares/Third_Party/FreeRTOS/Source/queue.o
 .text.xQueueGenericSend
                0x00000000080078e0      0x1f4 Middlewares/Third_Party/FreeRTOS/Source/queue.o
                0x00000000080078e0                xQueueGenericSend
 .text.xQueueGenericSendFromISR
                0x0000000008007ad4      0x128 Middlewares/Third_Party/FreeRTOS/Source/queue.o
                0x0000000008007ad4                xQueueGenericSendFromISR
 .text.xQueueReceive
                0x0000000008007bfc      0x1b8 Middlewares/Third_Party/FreeRTOS/Source/queue.o
                0x0000000008007bfc                xQueueReceive
 .text.prvCopyDataToQueue
                0x0000000008007db4       0xd4 Middlewares/Third_Party/FreeRTOS/Source/queue.o
 .text.prvCopyDataFromQueue
                0x0000000008007e88       0x4c Middlewares/Third_Party/FreeRTOS/Source/queue.o
 .text.prvUnlockQueue
                0x0000000008007ed4       0xa4 Middlewares/Third_Party/FreeRTOS/Source/queue.o
 .text.prvIsQueueEmpty
                0x0000000008007f78       0x2c Middlewares/Third_Party/FreeRTOS/Source/queue.o
 .text.prvIsQueueFull
                0x0000000008007fa4       0x30 Middlewares/Third_Party/FreeRTOS/Source/queue.o
 .text.vQueueAddToRegistry
                0x0000000008007fd4       0x50 Middlewares/Third_Party/FreeRTOS/Source/queue.o
                0x0000000008007fd4                vQueueAddToRegistry
 .text.vQueueWaitForMessageRestricted
                0x0000000008008024       0x68 Middlewares/Third_Party/FreeRTOS/Source/queue.o
                0x0000000008008024                vQueueWaitForMessageRestricted
 .text.xTaskCreateStatic
                0x000000000800808c       0xb4 Middlewares/Third_Party/FreeRTOS/Source/tasks.o
                0x000000000800808c                xTaskCreateStatic
 .text.xTaskCreate
                0x0000000008008140       0x8a Middlewares/Third_Party/FreeRTOS/Source/tasks.o
                0x0000000008008140                xTaskCreate
 .text.prvInitialiseNewTask
                0x00000000080081ca      0x11c Middlewares/Third_Party/FreeRTOS/Source/tasks.o
 *fill*         0x00000000080082e6        0x2 
 .text.prvAddNewTaskToReadyList
                0x00000000080082e8       0xe0 Middlewares/Third_Party/FreeRTOS/Source/tasks.o
 .text.vTaskDelete
                0x00000000080083c8       0xe4 Middlewares/Third_Party/FreeRTOS/Source/tasks.o
                0x00000000080083c8                vTaskDelete
 .text.vTaskDelay
                0x00000000080084ac       0x68 Middlewares/Third_Party/FreeRTOS/Source/tasks.o
                0x00000000080084ac                vTaskDelay
 .text.vTaskStartScheduler
                0x0000000008008514       0xc8 Middlewares/Third_Party/FreeRTOS/Source/tasks.o
                0x0000000008008514                vTaskStartScheduler
 .text.vTaskSuspendAll
                0x00000000080085dc       0x1c Middlewares/Third_Party/FreeRTOS/Source/tasks.o
                0x00000000080085dc                vTaskSuspendAll
 .text.xTaskResumeAll
                0x00000000080085f8      0x138 Middlewares/Third_Party/FreeRTOS/Source/tasks.o
                0x00000000080085f8                xTaskResumeAll
 .text.xTaskGetTickCount
                0x0000000008008730       0x20 Middlewares/Third_Party/FreeRTOS/Source/tasks.o
                0x0000000008008730                xTaskGetTickCount
 .text.xTaskIncrementTick
                0x0000000008008750      0x170 Middlewares/Third_Party/FreeRTOS/Source/tasks.o
                0x0000000008008750                xTaskIncrementTick
 .text.vTaskSwitchContext
                0x00000000080088c0       0xb8 Middlewares/Third_Party/FreeRTOS/Source/tasks.o
                0x00000000080088c0                vTaskSwitchContext
 .text.vTaskPlaceOnEventList
                0x0000000008008978       0x48 Middlewares/Third_Party/FreeRTOS/Source/tasks.o
                0x0000000008008978                vTaskPlaceOnEventList
 .text.vTaskPlaceOnEventListRestricted
                0x00000000080089c0       0x54 Middlewares/Third_Party/FreeRTOS/Source/tasks.o
                0x00000000080089c0                vTaskPlaceOnEventListRestricted
 .text.xTaskRemoveFromEventList
                0x0000000008008a14       0xc4 Middlewares/Third_Party/FreeRTOS/Source/tasks.o
                0x0000000008008a14                xTaskRemoveFromEventList
 .text.vTaskInternalSetTimeOutState
                0x0000000008008ad8       0x2c Middlewares/Third_Party/FreeRTOS/Source/tasks.o
                0x0000000008008ad8                vTaskInternalSetTimeOutState
 .text.xTaskCheckForTimeOut
                0x0000000008008b04       0xc0 Middlewares/Third_Party/FreeRTOS/Source/tasks.o
                0x0000000008008b04                xTaskCheckForTimeOut
 .text.vTaskMissedYield
                0x0000000008008bc4       0x18 Middlewares/Third_Party/FreeRTOS/Source/tasks.o
                0x0000000008008bc4                vTaskMissedYield
 .text.prvIdleTask
                0x0000000008008bdc       0x30 Middlewares/Third_Party/FreeRTOS/Source/tasks.o
 .text.prvInitialiseTaskLists
                0x0000000008008c0c       0x80 Middlewares/Third_Party/FreeRTOS/Source/tasks.o
 .text.prvCheckTasksWaitingTermination
                0x0000000008008c8c       0x58 Middlewares/Third_Party/FreeRTOS/Source/tasks.o
 .text.prvDeleteTCB
                0x0000000008008ce4       0x5c Middlewares/Third_Party/FreeRTOS/Source/tasks.o
 .text.prvResetNextTaskUnblockTime
                0x0000000008008d40       0x40 Middlewares/Third_Party/FreeRTOS/Source/tasks.o
 .text.xTaskGetSchedulerState
                0x0000000008008d80       0x3c Middlewares/Third_Party/FreeRTOS/Source/tasks.o
                0x0000000008008d80                xTaskGetSchedulerState
 .text.xTaskPriorityDisinherit
                0x0000000008008dbc       0xd8 Middlewares/Third_Party/FreeRTOS/Source/tasks.o
                0x0000000008008dbc                xTaskPriorityDisinherit
 .text.prvAddCurrentTaskToDelayedList
                0x0000000008008e94       0xa8 Middlewares/Third_Party/FreeRTOS/Source/tasks.o
 .text.xTimerCreateTimerTask
                0x0000000008008f3c       0x90 Middlewares/Third_Party/FreeRTOS/Source/timers.o
                0x0000000008008f3c                xTimerCreateTimerTask
 .text.xTimerGenericCommand
                0x0000000008008fcc       0x98 Middlewares/Third_Party/FreeRTOS/Source/timers.o
                0x0000000008008fcc                xTimerGenericCommand
 .text.prvProcessExpiredTimer
                0x0000000008009064       0x98 Middlewares/Third_Party/FreeRTOS/Source/timers.o
 .text.prvTimerTask
                0x00000000080090fc       0x24 Middlewares/Third_Party/FreeRTOS/Source/timers.o
 .text.prvProcessTimerOrBlockTask
                0x0000000008009120       0x9c Middlewares/Third_Party/FreeRTOS/Source/timers.o
 .text.prvGetNextExpireTime
                0x00000000080091bc       0x48 Middlewares/Third_Party/FreeRTOS/Source/timers.o
 .text.prvSampleTimeNow
                0x0000000008009204       0x40 Middlewares/Third_Party/FreeRTOS/Source/timers.o
 .text.prvInsertTimerInActiveList
                0x0000000008009244       0x84 Middlewares/Third_Party/FreeRTOS/Source/timers.o
 .text.prvProcessReceivedCommands
                0x00000000080092c8      0x1b8 Middlewares/Third_Party/FreeRTOS/Source/timers.o
 .text.prvSwitchTimerLists
                0x0000000008009480       0xc8 Middlewares/Third_Party/FreeRTOS/Source/timers.o
 .text.prvCheckForValidListAndQueue
                0x0000000008009548       0x80 Middlewares/Third_Party/FreeRTOS/Source/timers.o
 .text.pxPortInitialiseStack
                0x00000000080095c8       0x68 Middlewares/Third_Party/FreeRTOS/Source/portable/GCC/ARM_CM4F/port.o
                0x00000000080095c8                pxPortInitialiseStack
 .text.prvTaskExitError
                0x0000000008009630       0x54 Middlewares/Third_Party/FreeRTOS/Source/portable/GCC/ARM_CM4F/port.o
 *fill*         0x0000000008009684        0xc 
 .text.SVC_Handler
                0x0000000008009690       0x28 Middlewares/Third_Party/FreeRTOS/Source/portable/GCC/ARM_CM4F/port.o
                0x0000000008009690                SVC_Handler
 .text.prvPortStartFirstTask
                0x00000000080096b8       0x28 Middlewares/Third_Party/FreeRTOS/Source/portable/GCC/ARM_CM4F/port.o
 .text.xPortStartScheduler
                0x00000000080096e0      0x13c Middlewares/Third_Party/FreeRTOS/Source/portable/GCC/ARM_CM4F/port.o
                0x00000000080096e0                xPortStartScheduler
 .text.vPortEnterCritical
                0x000000000800981c       0x5c Middlewares/Third_Party/FreeRTOS/Source/portable/GCC/ARM_CM4F/port.o
                0x000000000800981c                vPortEnterCritical
 .text.vPortExitCritical
                0x0000000008009878       0x50 Middlewares/Third_Party/FreeRTOS/Source/portable/GCC/ARM_CM4F/port.o
                0x0000000008009878                vPortExitCritical
 *fill*         0x00000000080098c8        0x8 
 .text.PendSV_Handler
                0x00000000080098d0       0x68 Middlewares/Third_Party/FreeRTOS/Source/portable/GCC/ARM_CM4F/port.o
                0x00000000080098d0                PendSV_Handler
 .text.SysTick_Handler
                0x0000000008009938       0x40 Middlewares/Third_Party/FreeRTOS/Source/portable/GCC/ARM_CM4F/port.o
                0x0000000008009938                SysTick_Handler
 .text.vPortSetupTimerInterrupt
                0x0000000008009978       0x48 Middlewares/Third_Party/FreeRTOS/Source/portable/GCC/ARM_CM4F/port.o
                0x0000000008009978                vPortSetupTimerInterrupt
 .text.vPortEnableVFP
                0x00000000080099c0       0x14 Middlewares/Third_Party/FreeRTOS/Source/portable/GCC/ARM_CM4F/port.o
 .text.vPortValidateInterruptPriority
                0x00000000080099d4       0x7c Middlewares/Third_Party/FreeRTOS/Source/portable/GCC/ARM_CM4F/port.o
                0x00000000080099d4                vPortValidateInterruptPriority
 .text.pvPortMalloc
                0x0000000008009a50      0x184 Middlewares/Third_Party/FreeRTOS/Source/portable/MemMang/heap_4.o
                0x0000000008009a50                pvPortMalloc
 .text.vPortFree
                0x0000000008009bd4       0xb0 Middlewares/Third_Party/FreeRTOS/Source/portable/MemMang/heap_4.o
                0x0000000008009bd4                vPortFree
 .text.prvHeapInit
                0x0000000008009c84       0xc4 Middlewares/Third_Party/FreeRTOS/Source/portable/MemMang/heap_4.o
 .text.prvInsertBlockIntoFreeList
                0x0000000008009d48       0xb4 Middlewares/Third_Party/FreeRTOS/Source/portable/MemMang/heap_4.o
 .text.__errno  0x0000000008009dfc        0xc c:/st/stm32cubeide_1.3.0/stm32cubeide/plugins/com.st.stm32cube.ide.mcu.externaltools.gnu-tools-for-stm32.7-2018-q2-update.win32_1.0.0.201904181610/tools/bin/../lib/gcc/arm-none-eabi/7.3.1/../../../../arm-none-eabi/lib/thumb/v7e-m/fpv4-sp/hard\libc_nano.a(lib_a-errno.o)
                0x0000000008009dfc                __errno
 .text.__libc_init_array
                0x0000000008009e08       0x48 c:/st/stm32cubeide_1.3.0/stm32cubeide/plugins/com.st.stm32cube.ide.mcu.externaltools.gnu-tools-for-stm32.7-2018-q2-update.win32_1.0.0.201904181610/tools/bin/../lib/gcc/arm-none-eabi/7.3.1/../../../../arm-none-eabi/lib/thumb/v7e-m/fpv4-sp/hard\libc_nano.a(lib_a-init.o)
                0x0000000008009e08                __libc_init_array
 .text.memcpy   0x0000000008009e50       0x16 c:/st/stm32cubeide_1.3.0/stm32cubeide/plugins/com.st.stm32cube.ide.mcu.externaltools.gnu-tools-for-stm32.7-2018-q2-update.win32_1.0.0.201904181610/tools/bin/../lib/gcc/arm-none-eabi/7.3.1/../../../../arm-none-eabi/lib/thumb/v7e-m/fpv4-sp/hard\libc_nano.a(lib_a-memcpy-stub.o)
                0x0000000008009e50                memcpy
 .text.memset   0x0000000008009e66       0x10 c:/st/stm32cubeide_1.3.0/stm32cubeide/plugins/com.st.stm32cube.ide.mcu.externaltools.gnu-tools-for-stm32.7-2018-q2-update.win32_1.0.0.201904181610/tools/bin/../lib/gcc/arm-none-eabi/7.3.1/../../../../arm-none-eabi/lib/thumb/v7e-m/fpv4-sp/hard\libc_nano.a(lib_a-memset.o)
                0x0000000008009e66                memset
 *fill*         0x0000000008009e76        0x2 
 .text.sprintf  0x0000000008009e78       0x40 c:/st/stm32cubeide_1.3.0/stm32cubeide/plugins/com.st.stm32cube.ide.mcu.externaltools.gnu-tools-for-stm32.7-2018-q2-update.win32_1.0.0.201904181610/tools/bin/../lib/gcc/arm-none-eabi/7.3.1/../../../../arm-none-eabi/lib/thumb/v7e-m/fpv4-sp/hard\libc_nano.a(lib_a-sprintf.o)
                0x0000000008009e78                siprintf
                0x0000000008009e78                sprintf
 .text.__ssputs_r
                0x0000000008009eb8       0xb4 c:/st/stm32cubeide_1.3.0/stm32cubeide/plugins/com.st.stm32cube.ide.mcu.externaltools.gnu-tools-for-stm32.7-2018-q2-update.win32_1.0.0.201904181610/tools/bin/../lib/gcc/arm-none-eabi/7.3.1/../../../../arm-none-eabi/lib/thumb/v7e-m/fpv4-sp/hard\libc_nano.a(lib_a-nano-svfprintf.o)
                0x0000000008009eb8                __ssputs_r
 .text._svfprintf_r
                0x0000000008009f6c      0x1f0 c:/st/stm32cubeide_1.3.0/stm32cubeide/plugins/com.st.stm32cube.ide.mcu.externaltools.gnu-tools-for-stm32.7-2018-q2-update.win32_1.0.0.201904181610/tools/bin/../lib/gcc/arm-none-eabi/7.3.1/../../../../arm-none-eabi/lib/thumb/v7e-m/fpv4-sp/hard\libc_nano.a(lib_a-nano-svfprintf.o)
                0x0000000008009f6c                _svfiprintf_r
                0x0000000008009f6c                _svfprintf_r
 .text._printf_common
                0x000000000800a15c       0xea c:/st/stm32cubeide_1.3.0/stm32cubeide/plugins/com.st.stm32cube.ide.mcu.externaltools.gnu-tools-for-stm32.7-2018-q2-update.win32_1.0.0.201904181610/tools/bin/../lib/gcc/arm-none-eabi/7.3.1/../../../../arm-none-eabi/lib/thumb/v7e-m/fpv4-sp/hard\libc_nano.a(lib_a-nano-vfprintf_i.o)
                0x000000000800a15c                _printf_common
 *fill*         0x000000000800a246        0x2 
 .text._printf_i
                0x000000000800a248      0x224 c:/st/stm32cubeide_1.3.0/stm32cubeide/plugins/com.st.stm32cube.ide.mcu.externaltools.gnu-tools-for-stm32.7-2018-q2-update.win32_1.0.0.201904181610/tools/bin/../lib/gcc/arm-none-eabi/7.3.1/../../../../arm-none-eabi/lib/thumb/v7e-m/fpv4-sp/hard\libc_nano.a(lib_a-nano-vfprintf_i.o)
                0x000000000800a248                _printf_i
 .text.memmove  0x000000000800a46c       0x32 c:/st/stm32cubeide_1.3.0/stm32cubeide/plugins/com.st.stm32cube.ide.mcu.externaltools.gnu-tools-for-stm32.7-2018-q2-update.win32_1.0.0.201904181610/tools/bin/../lib/gcc/arm-none-eabi/7.3.1/../../../../arm-none-eabi/lib/thumb/v7e-m/fpv4-sp/hard\libc_nano.a(lib_a-memmove.o)
                0x000000000800a46c                memmove
 *fill*         0x000000000800a49e        0x2 
 .text._free_r  0x000000000800a4a0       0x9c c:/st/stm32cubeide_1.3.0/stm32cubeide/plugins/com.st.stm32cube.ide.mcu.externaltools.gnu-tools-for-stm32.7-2018-q2-update.win32_1.0.0.201904181610/tools/bin/../lib/gcc/arm-none-eabi/7.3.1/../../../../arm-none-eabi/lib/thumb/v7e-m/fpv4-sp/hard\libc_nano.a(lib_a-nano-freer.o)
                0x000000000800a4a0                _free_r
 .text._malloc_r
                0x000000000800a53c       0xb4 c:/st/stm32cubeide_1.3.0/stm32cubeide/plugins/com.st.stm32cube.ide.mcu.externaltools.gnu-tools-for-stm32.7-2018-q2-update.win32_1.0.0.201904181610/tools/bin/../lib/gcc/arm-none-eabi/7.3.1/../../../../arm-none-eabi/lib/thumb/v7e-m/fpv4-sp/hard\libc_nano.a(lib_a-nano-mallocr.o)
                0x000000000800a53c                _malloc_r
 .text._realloc_r
                0x000000000800a5f0       0x4c c:/st/stm32cubeide_1.3.0/stm32cubeide/plugins/com.st.stm32cube.ide.mcu.externaltools.gnu-tools-for-stm32.7-2018-q2-update.win32_1.0.0.201904181610/tools/bin/../lib/gcc/arm-none-eabi/7.3.1/../../../../arm-none-eabi/lib/thumb/v7e-m/fpv4-sp/hard\libc_nano.a(lib_a-nano-reallocr.o)
                0x000000000800a5f0                _realloc_r
 .text._sbrk_r  0x000000000800a63c       0x20 c:/st/stm32cubeide_1.3.0/stm32cubeide/plugins/com.st.stm32cube.ide.mcu.externaltools.gnu-tools-for-stm32.7-2018-q2-update.win32_1.0.0.201904181610/tools/bin/../lib/gcc/arm-none-eabi/7.3.1/../../../../arm-none-eabi/lib/thumb/v7e-m/fpv4-sp/hard\libc_nano.a(lib_a-sbrkr.o)
                0x000000000800a63c                _sbrk_r
 .text.__malloc_lock
                0x000000000800a65c        0x2 c:/st/stm32cubeide_1.3.0/stm32cubeide/plugins/com.st.stm32cube.ide.mcu.externaltools.gnu-tools-for-stm32.7-2018-q2-update.win32_1.0.0.201904181610/tools/bin/../lib/gcc/arm-none-eabi/7.3.1/../../../../arm-none-eabi/lib/thumb/v7e-m/fpv4-sp/hard\libc_nano.a(lib_a-mlock.o)
                0x000000000800a65c                __malloc_lock
 .text.__malloc_unlock
                0x000000000800a65e        0x2 c:/st/stm32cubeide_1.3.0/stm32cubeide/plugins/com.st.stm32cube.ide.mcu.externaltools.gnu-tools-for-stm32.7-2018-q2-update.win32_1.0.0.201904181610/tools/bin/../lib/gcc/arm-none-eabi/7.3.1/../../../../arm-none-eabi/lib/thumb/v7e-m/fpv4-sp/hard\libc_nano.a(lib_a-mlock.o)
                0x000000000800a65e                __malloc_unlock
 .text._malloc_usable_size_r
                0x000000000800a660       0x10 c:/st/stm32cubeide_1.3.0/stm32cubeide/plugins/com.st.stm32cube.ide.mcu.externaltools.gnu-tools-for-stm32.7-2018-q2-update.win32_1.0.0.201904181610/tools/bin/../lib/gcc/arm-none-eabi/7.3.1/../../../../arm-none-eabi/lib/thumb/v7e-m/fpv4-sp/hard\libc_nano.a(lib_a-nano-msizer.o)
                0x000000000800a660                _malloc_usable_size_r
 *(.glue_7)
 .glue_7        0x000000000800a670        0x0 linker stubs
 *(.glue_7t)
 .glue_7t       0x000000000800a670        0x0 linker stubs
 *(.eh_frame)
 .eh_frame      0x000000000800a670        0x0 c:/st/stm32cubeide_1.3.0/stm32cubeide/plugins/com.st.stm32cube.ide.mcu.externaltools.gnu-tools-for-stm32.7-2018-q2-update.win32_1.0.0.201904181610/tools/bin/../lib/gcc/arm-none-eabi/7.3.1/thumb/v7e-m/fpv4-sp/hard/crtbegin.o
 *(.init)
 .init          0x000000000800a670        0x4 c:/st/stm32cubeide_1.3.0/stm32cubeide/plugins/com.st.stm32cube.ide.mcu.externaltools.gnu-tools-for-stm32.7-2018-q2-update.win32_1.0.0.201904181610/tools/bin/../lib/gcc/arm-none-eabi/7.3.1/thumb/v7e-m/fpv4-sp/hard/crti.o
                0x000000000800a670                _init
 .init          0x000000000800a674        0x8 c:/st/stm32cubeide_1.3.0/stm32cubeide/plugins/com.st.stm32cube.ide.mcu.externaltools.gnu-tools-for-stm32.7-2018-q2-update.win32_1.0.0.201904181610/tools/bin/../lib/gcc/arm-none-eabi/7.3.1/thumb/v7e-m/fpv4-sp/hard/crtn.o
 *(.fini)
 .fini          0x000000000800a67c        0x4 c:/st/stm32cubeide_1.3.0/stm32cubeide/plugins/com.st.stm32cube.ide.mcu.externaltools.gnu-tools-for-stm32.7-2018-q2-update.win32_1.0.0.201904181610/tools/bin/../lib/gcc/arm-none-eabi/7.3.1/thumb/v7e-m/fpv4-sp/hard/crti.o
                0x000000000800a67c                _fini
 .fini          0x000000000800a680        0x8 c:/st/stm32cubeide_1.3.0/stm32cubeide/plugins/com.st.stm32cube.ide.mcu.externaltools.gnu-tools-for-stm32.7-2018-q2-update.win32_1.0.0.201904181610/tools/bin/../lib/gcc/arm-none-eabi/7.3.1/thumb/v7e-m/fpv4-sp/hard/crtn.o
                0x000000000800a688                . = ALIGN (0x4)
                0x000000000800a688                _etext = .

.vfp11_veneer   0x000000000800a688        0x0
 .vfp11_veneer  0x000000000800a688        0x0 linker stubs

.v4_bx          0x000000000800a688        0x0
 .v4_bx         0x000000000800a688        0x0 linker stubs

.iplt           0x000000000800a688        0x0
 .iplt          0x000000000800a688        0x0 c:/st/stm32cubeide_1.3.0/stm32cubeide/plugins/com.st.stm32cube.ide.mcu.externaltools.gnu-tools-for-stm32.7-2018-q2-update.win32_1.0.0.201904181610/tools/bin/../lib/gcc/arm-none-eabi/7.3.1/thumb/v7e-m/fpv4-sp/hard/crtbegin.o

.rodata         0x000000000800a688      0x118
                0x000000000800a688                . = ALIGN (0x4)
 *(.rodata)
 .rodata        0x000000000800a688       0x19 Core/Src/DAM.o
 *fill*         0x000000000800a6a1        0x3 
 .rodata        0x000000000800a6a4       0x24 Core/Src/main.o
 .rodata        0x000000000800a6c8        0x5 Middlewares/Third_Party/FreeRTOS/Source/tasks.o
 *fill*         0x000000000800a6cd        0x3 
 .rodata        0x000000000800a6d0        0xd Middlewares/Third_Party/FreeRTOS/Source/timers.o
 *(.rodata*)
 *fill*         0x000000000800a6dd        0x3 
 .rodata.MainTask_attributes
                0x000000000800a6e0       0x24 Core/Src/main.o
                0x000000000800a6e0                MainTask_attributes
 .rodata.gcanTxTask_attributes
                0x000000000800a704       0x24 Core/Src/main.o
                0x000000000800a704                gcanTxTask_attributes
 .rodata.gcan_rx_buf_attributes
                0x000000000800a728       0x24 Core/Src/main.o
                0x000000000800a728                gcan_rx_buf_attributes
 .rodata.AHBPrescTable
                0x000000000800a74c       0x10 Core/Src/system_stm32f4xx.o
                0x000000000800a74c                AHBPrescTable
 .rodata.APBPrescTable
                0x000000000800a75c        0x8 Core/Src/system_stm32f4xx.o
                0x000000000800a75c                APBPrescTable
 .rodata.flagBitshiftOffset.8402
                0x000000000800a764        0x8 Drivers/STM32F4xx_HAL_Driver/Src/stm32f4xx_hal_dma.o
 .rodata._svfprintf_r.str1.1
                0x000000000800a76c       0x11 c:/st/stm32cubeide_1.3.0/stm32cubeide/plugins/com.st.stm32cube.ide.mcu.externaltools.gnu-tools-for-stm32.7-2018-q2-update.win32_1.0.0.201904181610/tools/bin/../lib/gcc/arm-none-eabi/7.3.1/../../../../arm-none-eabi/lib/thumb/v7e-m/fpv4-sp/hard\libc_nano.a(lib_a-nano-svfprintf.o)
 .rodata._printf_i.str1.1
                0x000000000800a77d       0x22 c:/st/stm32cubeide_1.3.0/stm32cubeide/plugins/com.st.stm32cube.ide.mcu.externaltools.gnu-tools-for-stm32.7-2018-q2-update.win32_1.0.0.201904181610/tools/bin/../lib/gcc/arm-none-eabi/7.3.1/../../../../arm-none-eabi/lib/thumb/v7e-m/fpv4-sp/hard\libc_nano.a(lib_a-nano-vfprintf_i.o)
                0x000000000800a7a0                . = ALIGN (0x4)
 *fill*         0x000000000800a79f        0x1 

.ARM.extab      0x000000000800a7a0        0x0
                0x000000000800a7a0                . = ALIGN (0x4)
 *(.ARM.extab* .gnu.linkonce.armextab.*)
                0x000000000800a7a0                . = ALIGN (0x4)

.ARM            0x000000000800a7a0        0x8
                0x000000000800a7a0                . = ALIGN (0x4)
                0x000000000800a7a0                __exidx_start = .
 *(.ARM.exidx*)
 .ARM.exidx     0x000000000800a7a0        0x8 c:/st/stm32cubeide_1.3.0/stm32cubeide/plugins/com.st.stm32cube.ide.mcu.externaltools.gnu-tools-for-stm32.7-2018-q2-update.win32_1.0.0.201904181610/tools/bin/../lib/gcc/arm-none-eabi/7.3.1/thumb/v7e-m/fpv4-sp/hard\libgcc.a(_udivmoddi4.o)
                0x000000000800a7a8                __exidx_end = .
                0x000000000800a7a8                . = ALIGN (0x4)

.rel.dyn        0x000000000800a7a8        0x0
 .rel.iplt      0x000000000800a7a8        0x0 c:/st/stm32cubeide_1.3.0/stm32cubeide/plugins/com.st.stm32cube.ide.mcu.externaltools.gnu-tools-for-stm32.7-2018-q2-update.win32_1.0.0.201904181610/tools/bin/../lib/gcc/arm-none-eabi/7.3.1/thumb/v7e-m/fpv4-sp/hard/crtbegin.o

.preinit_array  0x000000000800a7a8        0x0
                0x000000000800a7a8                . = ALIGN (0x4)
                0x000000000800a7a8                PROVIDE (__preinit_array_start = .)
 *(.preinit_array*)
                0x000000000800a7a8                PROVIDE (__preinit_array_end = .)
                0x000000000800a7a8                . = ALIGN (0x4)

.init_array     0x000000000800a7a8        0x4
                0x000000000800a7a8                . = ALIGN (0x4)
                0x000000000800a7a8                PROVIDE (__init_array_start = .)
 *(SORT_BY_NAME(.init_array.*))
 *(.init_array*)
 .init_array    0x000000000800a7a8        0x4 c:/st/stm32cubeide_1.3.0/stm32cubeide/plugins/com.st.stm32cube.ide.mcu.externaltools.gnu-tools-for-stm32.7-2018-q2-update.win32_1.0.0.201904181610/tools/bin/../lib/gcc/arm-none-eabi/7.3.1/thumb/v7e-m/fpv4-sp/hard/crtbegin.o
                0x000000000800a7ac                PROVIDE (__init_array_end = .)
                0x000000000800a7ac                . = ALIGN (0x4)

.fini_array     0x000000000800a7ac        0x4
                0x000000000800a7ac                . = ALIGN (0x4)
                [!provide]                        PROVIDE (__fini_array_start = .)
 *(SORT_BY_NAME(.fini_array.*))
 *(.fini_array*)
 .fini_array    0x000000000800a7ac        0x4 c:/st/stm32cubeide_1.3.0/stm32cubeide/plugins/com.st.stm32cube.ide.mcu.externaltools.gnu-tools-for-stm32.7-2018-q2-update.win32_1.0.0.201904181610/tools/bin/../lib/gcc/arm-none-eabi/7.3.1/thumb/v7e-m/fpv4-sp/hard/crtbegin.o
                [!provide]                        PROVIDE (__fini_array_end = .)
                0x000000000800a7b0                . = ALIGN (0x4)
                0x000000000800a7b0                _sidata = LOADADDR (.data)

.data           0x0000000020000000      0x100 load address 0x000000000800a7b0
                0x0000000020000000                . = ALIGN (0x4)
                0x0000000020000000                _sdata = .
 *(.data)
 *(.data*)
 .data.SystemCoreClock
                0x0000000020000000        0x4 Core/Src/system_stm32f4xx.o
                0x0000000020000000                SystemCoreClock
 .data.bosch_temperature_sensor_output_model_table_independent_vars
                0x0000000020000004       0x10 Core/c-libraries/Gopher_Sense/Build/gopher_sense.o
                0x0000000020000004                bosch_temperature_sensor_output_model_table_independent_vars
 .data.bosch_temperature_sensor_output_model_table_dependent_vars
                0x0000000020000014       0x10 Core/c-libraries/Gopher_Sense/Build/gopher_sense.o
                0x0000000020000014                bosch_temperature_sensor_output_model_table_dependent_vars
 .data.all_parameter_structs
                0x0000000020000024       0x54 Core/c-libraries/gophercan-lib/GopherCAN_ids.o
                0x0000000020000024                all_parameter_structs
 .data.parameter_data_types
                0x0000000020000078       0x15 Core/c-libraries/gophercan-lib/GopherCAN_ids.o
                0x0000000020000078                parameter_data_types
 *fill*         0x000000002000008d        0x3 
 .data.uwTickPrio
                0x0000000020000090        0x4 Drivers/STM32F4xx_HAL_Driver/Src/stm32f4xx_hal.o
                0x0000000020000090                uwTickPrio
 .data.uwTickFreq
                0x0000000020000094        0x1 Drivers/STM32F4xx_HAL_Driver/Src/stm32f4xx_hal.o
                0x0000000020000094                uwTickFreq
 *fill*         0x0000000020000095        0x3 
 .data.uxCriticalNesting
                0x0000000020000098        0x4 Middlewares/Third_Party/FreeRTOS/Source/portable/GCC/ARM_CM4F/port.o
 .data._impure_ptr
                0x000000002000009c        0x4 c:/st/stm32cubeide_1.3.0/stm32cubeide/plugins/com.st.stm32cube.ide.mcu.externaltools.gnu-tools-for-stm32.7-2018-q2-update.win32_1.0.0.201904181610/tools/bin/../lib/gcc/arm-none-eabi/7.3.1/../../../../arm-none-eabi/lib/thumb/v7e-m/fpv4-sp/hard\libc_nano.a(lib_a-impure.o)
                0x000000002000009c                _impure_ptr
 .data.impure_data
                0x00000000200000a0       0x60 c:/st/stm32cubeide_1.3.0/stm32cubeide/plugins/com.st.stm32cube.ide.mcu.externaltools.gnu-tools-for-stm32.7-2018-q2-update.win32_1.0.0.201904181610/tools/bin/../lib/gcc/arm-none-eabi/7.3.1/../../../../arm-none-eabi/lib/thumb/v7e-m/fpv4-sp/hard\libc_nano.a(lib_a-impure.o)
                0x0000000020000100                . = ALIGN (0x4)
                0x0000000020000100                _edata = .

.igot.plt       0x0000000020000100        0x0 load address 0x000000000800a8b0
 .igot.plt      0x0000000020000100        0x0 c:/st/stm32cubeide_1.3.0/stm32cubeide/plugins/com.st.stm32cube.ide.mcu.externaltools.gnu-tools-for-stm32.7-2018-q2-update.win32_1.0.0.201904181610/tools/bin/../lib/gcc/arm-none-eabi/7.3.1/thumb/v7e-m/fpv4-sp/hard/crtbegin.o
                0x0000000020000100                . = ALIGN (0x4)

.bss            0x0000000020000100     0x71f8 load address 0x000000000800a8b0
                0x0000000020000100                _sbss = .
                0x0000000020000100                __bss_start__ = _sbss
 *(.bss)
 .bss           0x0000000020000100       0x1c c:/st/stm32cubeide_1.3.0/stm32cubeide/plugins/com.st.stm32cube.ide.mcu.externaltools.gnu-tools-for-stm32.7-2018-q2-update.win32_1.0.0.201904181610/tools/bin/../lib/gcc/arm-none-eabi/7.3.1/thumb/v7e-m/fpv4-sp/hard/crtbegin.o
 *(.bss*)
 *fill*         0x000000002000011c        0x4 
 .bss.error_count
                0x0000000020000120        0x8 Core/Src/DAM.o
 .bss.dam_state
                0x0000000020000128        0x1 Core/Src/DAM.o
 .bss.latched_error_state
                0x0000000020000129        0x1 Core/Src/DAM.o
 .bss.hasInitialized
                0x000000002000012a        0x1 Core/Src/DAM.o
 *fill*         0x000000002000012b        0x1 
 .bss.HAL_RCC_CAN1_CLK_ENABLED
                0x000000002000012c        0x4 Core/Src/stm32f4xx_hal_msp.o
 .bss.heap_end.6424
                0x0000000020000130        0x4 Core/Src/sysmem.o
 .bss.adc1_sample_buffer
                0x0000000020000134        0x4 Core/c-libraries/Gopher_Sense/lib/gopher_sense_lib.o
 .bss.adc2_sample_buffer
                0x0000000020000138        0x0 Core/c-libraries/Gopher_Sense/lib/gopher_sense_lib.o
 .bss.adc3_sample_buffer
                0x0000000020000138        0x2 Core/c-libraries/Gopher_Sense/lib/gopher_sense_lib.o
 *fill*         0x000000002000013a        0x2 
 .bss.hcan_error
                0x000000002000013c        0x4 Core/c-libraries/gophercan-lib/GopherCAN.o
                0x000000002000013c                hcan_error
 .bss.KernelState
                0x0000000020000140        0x4 Middlewares/Third_Party/FreeRTOS/Source/CMSIS_RTOS_V2/cmsis_os2.o
 .bss.Idle_TCB  0x0000000020000144       0x5c Middlewares/Third_Party/FreeRTOS/Source/CMSIS_RTOS_V2/cmsis_os2.o
 .bss.Idle_Stack
                0x00000000200001a0      0x200 Middlewares/Third_Party/FreeRTOS/Source/CMSIS_RTOS_V2/cmsis_os2.o
 .bss.Timer_TCB
                0x00000000200003a0       0x5c Middlewares/Third_Party/FreeRTOS/Source/CMSIS_RTOS_V2/cmsis_os2.o
 .bss.Timer_Stack
                0x00000000200003fc      0x400 Middlewares/Third_Party/FreeRTOS/Source/CMSIS_RTOS_V2/cmsis_os2.o
 .bss.pxCurrentTCB
                0x00000000200007fc        0x4 Middlewares/Third_Party/FreeRTOS/Source/tasks.o
                0x00000000200007fc                pxCurrentTCB
 .bss.pxReadyTasksLists
                0x0000000020000800      0x460 Middlewares/Third_Party/FreeRTOS/Source/tasks.o
 .bss.xDelayedTaskList1
                0x0000000020000c60       0x14 Middlewares/Third_Party/FreeRTOS/Source/tasks.o
 .bss.xDelayedTaskList2
                0x0000000020000c74       0x14 Middlewares/Third_Party/FreeRTOS/Source/tasks.o
 .bss.pxDelayedTaskList
                0x0000000020000c88        0x4 Middlewares/Third_Party/FreeRTOS/Source/tasks.o
 .bss.pxOverflowDelayedTaskList
                0x0000000020000c8c        0x4 Middlewares/Third_Party/FreeRTOS/Source/tasks.o
 .bss.xPendingReadyList
                0x0000000020000c90       0x14 Middlewares/Third_Party/FreeRTOS/Source/tasks.o
 .bss.xTasksWaitingTermination
                0x0000000020000ca4       0x14 Middlewares/Third_Party/FreeRTOS/Source/tasks.o
 .bss.uxDeletedTasksWaitingCleanUp
                0x0000000020000cb8        0x4 Middlewares/Third_Party/FreeRTOS/Source/tasks.o
 .bss.xSuspendedTaskList
                0x0000000020000cbc       0x14 Middlewares/Third_Party/FreeRTOS/Source/tasks.o
 .bss.uxCurrentNumberOfTasks
                0x0000000020000cd0        0x4 Middlewares/Third_Party/FreeRTOS/Source/tasks.o
 .bss.xTickCount
                0x0000000020000cd4        0x4 Middlewares/Third_Party/FreeRTOS/Source/tasks.o
 .bss.uxTopReadyPriority
                0x0000000020000cd8        0x4 Middlewares/Third_Party/FreeRTOS/Source/tasks.o
 .bss.xSchedulerRunning
                0x0000000020000cdc        0x4 Middlewares/Third_Party/FreeRTOS/Source/tasks.o
 .bss.uxPendedTicks
                0x0000000020000ce0        0x4 Middlewares/Third_Party/FreeRTOS/Source/tasks.o
 .bss.xYieldPending
                0x0000000020000ce4        0x4 Middlewares/Third_Party/FreeRTOS/Source/tasks.o
 .bss.xNumOfOverflows
                0x0000000020000ce8        0x4 Middlewares/Third_Party/FreeRTOS/Source/tasks.o
 .bss.uxTaskNumber
                0x0000000020000cec        0x4 Middlewares/Third_Party/FreeRTOS/Source/tasks.o
 .bss.xNextTaskUnblockTime
                0x0000000020000cf0        0x4 Middlewares/Third_Party/FreeRTOS/Source/tasks.o
 .bss.xIdleTaskHandle
                0x0000000020000cf4        0x4 Middlewares/Third_Party/FreeRTOS/Source/tasks.o
 .bss.uxSchedulerSuspended
                0x0000000020000cf8        0x4 Middlewares/Third_Party/FreeRTOS/Source/tasks.o
 .bss.xActiveTimerList1
                0x0000000020000cfc       0x14 Middlewares/Third_Party/FreeRTOS/Source/timers.o
 .bss.xActiveTimerList2
                0x0000000020000d10       0x14 Middlewares/Third_Party/FreeRTOS/Source/timers.o
 .bss.pxCurrentTimerList
                0x0000000020000d24        0x4 Middlewares/Third_Party/FreeRTOS/Source/timers.o
 .bss.pxOverflowTimerList
                0x0000000020000d28        0x4 Middlewares/Third_Party/FreeRTOS/Source/timers.o
 .bss.xTimerQueue
                0x0000000020000d2c        0x4 Middlewares/Third_Party/FreeRTOS/Source/timers.o
 .bss.xTimerTaskHandle
                0x0000000020000d30        0x4 Middlewares/Third_Party/FreeRTOS/Source/timers.o
 .bss.xLastTime.6741
                0x0000000020000d34        0x4 Middlewares/Third_Party/FreeRTOS/Source/timers.o
 .bss.ucStaticTimerQueueStorage.6792
                0x0000000020000d38       0xa0 Middlewares/Third_Party/FreeRTOS/Source/timers.o
 .bss.xStaticTimerQueue.6791
                0x0000000020000dd8       0x50 Middlewares/Third_Party/FreeRTOS/Source/timers.o
 .bss.ucMaxSysCallPriority
                0x0000000020000e28        0x1 Middlewares/Third_Party/FreeRTOS/Source/portable/GCC/ARM_CM4F/port.o
 *fill*         0x0000000020000e29        0x3 
 .bss.ulMaxPRIGROUPValue
                0x0000000020000e2c        0x4 Middlewares/Third_Party/FreeRTOS/Source/portable/GCC/ARM_CM4F/port.o
 .bss.ucHeap    0x0000000020000e30     0x3c00 Middlewares/Third_Party/FreeRTOS/Source/portable/MemMang/heap_4.o
 .bss.xStart    0x0000000020004a30        0x8 Middlewares/Third_Party/FreeRTOS/Source/portable/MemMang/heap_4.o
 .bss.pxEnd     0x0000000020004a38        0x4 Middlewares/Third_Party/FreeRTOS/Source/portable/MemMang/heap_4.o
 .bss.xFreeBytesRemaining
                0x0000000020004a3c        0x4 Middlewares/Third_Party/FreeRTOS/Source/portable/MemMang/heap_4.o
 .bss.xMinimumEverFreeBytesRemaining
                0x0000000020004a40        0x4 Middlewares/Third_Party/FreeRTOS/Source/portable/MemMang/heap_4.o
 .bss.xBlockAllocatedBit
                0x0000000020004a44        0x4 Middlewares/Third_Party/FreeRTOS/Source/portable/MemMang/heap_4.o
 .bss.__malloc_free_list
                0x0000000020004a48        0x4 c:/st/stm32cubeide_1.3.0/stm32cubeide/plugins/com.st.stm32cube.ide.mcu.externaltools.gnu-tools-for-stm32.7-2018-q2-update.win32_1.0.0.201904181610/tools/bin/../lib/gcc/arm-none-eabi/7.3.1/../../../../arm-none-eabi/lib/thumb/v7e-m/fpv4-sp/hard\libc_nano.a(lib_a-nano-mallocr.o)
                0x0000000020004a48                __malloc_free_list
 .bss.__malloc_sbrk_start
                0x0000000020004a4c        0x4 c:/st/stm32cubeide_1.3.0/stm32cubeide/plugins/com.st.stm32cube.ide.mcu.externaltools.gnu-tools-for-stm32.7-2018-q2-update.win32_1.0.0.201904181610/tools/bin/../lib/gcc/arm-none-eabi/7.3.1/../../../../arm-none-eabi/lib/thumb/v7e-m/fpv4-sp/hard\libc_nano.a(lib_a-nano-mallocr.o)
                0x0000000020004a4c                __malloc_sbrk_start
 *(COMMON)
 COMMON         0x0000000020004a50      0x314 Core/Src/main.o
                0x0000000020004a50                hadc2
                0x0000000020004a98                htim10
                0x0000000020004ad8                hdma_adc3
                0x0000000020004b38                MainTaskHandle
                0x0000000020004b3c                hadc1
                0x0000000020004b84                hcan2
                0x0000000020004bac                hadc3
                0x0000000020004bf4                htim13
                0x0000000020004c34                htim11
                0x0000000020004c74                gcan_rx_bufHandle
                0x0000000020004c78                hdma_adc1
                0x0000000020004cd8                gcanTxTaskHandle
                0x0000000020004cdc                hdma_adc2
                0x0000000020004d3c                hcan1
 COMMON         0x0000000020004d64       0x40 Core/Src/stm32f4xx_hal_timebase_tim.o
                0x0000000020004d64                htim14
 *fill*         0x0000000020004da4        0x4 
 COMMON         0x0000000020004da8      0xf58 Core/c-libraries/Gopher_Sense/Build/dam_hw_config.o
                0x0000000020004da8                buckets
                0x0000000020004dd8                adc3_sensor_params
                0x0000000020004e98                bucket_3_bucket_param_list
                0x0000000020004ea0                can_param1_u16buffer
                0x0000000020004ea8                adc1_param1_genparam
                0x0000000020004ec0                can_param2
                0x0000000020004f28                adc3_param1_genparam
                0x0000000020004f40                adc1_sensor_params
                0x00000000200050c0                adc1_param2_genparam
                0x00000000200050d8                adc1_param2
                0x0000000020005198                adc3_param1
                0x0000000020005258                can_param4_buffer
                0x0000000020005320                adc1_param1_filtered_1
                0x0000000020005340                can_param3_u16buffer
                0x0000000020005340                adc2_sensor_params
                0x0000000020005348                adc1_param1_fparam_list
                0x0000000020005368                bucket_1
                0x0000000020005378                bucket_1_bucket_param_list
                0x0000000020005380                can_param2_buffer
                0x0000000020005448                bucket_2
                0x0000000020005458                adc1_param1_u16buffer
                0x0000000020005460                adc1_param1_buffer
                0x0000000020005528                can_param1
                0x0000000020005590                bucket_2_bucket_param_list
                0x0000000020005598                adc1_param2_u16buffer
                0x00000000200055a0                can_param3_buffer
                0x0000000020005668                adc1_param2_filtered_1
                0x0000000020005688                bucket_3_bucket_general_param_list
                0x00000000200056a0                can_param1_buffer
                0x0000000020005768                bucket_1_bucket_general_param_list
                0x00000000200057c8                can_param4
                0x0000000020005830                adc3_param1_buffer
                0x00000000200058f8                adc3_param1_u16buffer
                0x0000000020005900                can_sensor_params
                0x0000000020005aa0                adc1_param1
                0x0000000020005b60                bucket_3
                0x0000000020005b70                can_param3
                0x0000000020005bd8                adc1_param2_fparam_list
                0x0000000020005bf8                bucket_2_bucket_general_param_list
                0x0000000020005c28                can_param2_u16buffer
                0x0000000020005c30                can_param4_u16buffer
                0x0000000020005c38                adc1_param2_buffer
 COMMON         0x0000000020005d00      0xe14 Core/c-libraries/Gopher_Sense/Build/gopher_sense.o
                0x0000000020005d00                izze_infared_tire_temperature_sensor_message_15
                0x0000000020005d48                izze_infared_tire_temperature_sensor_message_9
                0x0000000020005d90                izze_infared_tire_temperature_sensor_message_7
                0x0000000020005dd8                bosch_accelerometer_message_2
                0x0000000020005e20                izze_infared_tire_temperature_sensor_message_1
                0x0000000020005e68                bosch_accelerometer_message_5
                0x0000000020005eb0                izze_infared_tire_temperature_sensor_message_2
                0x0000000020005ef8                izze_infared_tire_temperature_sensor_message_14
                0x0000000020005f40                izze_infared_tire_temperature_sensor_message_12
                0x0000000020005f88                bosch_accelerometer
                0x0000000020005fc4                bosch_temperature_sensor
                0x0000000020006058                izze_infared_tire_temperature_sensor_message_4
                0x00000000200060a0                izze_infared_tire_temperature_sensor_message_11
                0x00000000200060e8                bosch_temperature_sensor_output_model_table
                0x00000000200060f8                banner_qx4_analog_laser_sensor
                0x000000002000618c                izze_infared_tire_temperature_sensor_message_8
                0x00000000200061d4                izze_infared_tire_temperature_sensor_message_3
                0x000000002000621c                bosch_accelerometer_message_3
                0x0000000020006264                izze_infared_tire_temperature_sensor_message_13
                0x00000000200062ac                izze_infared_tire_temperature_sensor_message_6
                0x00000000200062f4                honeywell_heavy_duty_pressure_transducer
                0x0000000020006388                izze_infared_tire_temperature_sensor
                0x00000000200063c4                bosch_accelerometer_messages
                0x000000002000652c                izze_infared_tire_temperature_sensor_message_16
                0x0000000020006574                izze_infared_tire_temperature_sensor_message_10
                0x00000000200065bc                bosch_accelerometer_message_4
                0x0000000020006604                bosch_accelerometer_message_1
                0x000000002000664c                izze_infared_tire_temperature_sensor_messages
                0x0000000020006acc                izze_infared_tire_temperature_sensor_message_5
 COMMON         0x0000000020006b14       0x18 Core/c-libraries/Gopher_Sense/lib/gopher_sense_lib.o
                0x0000000020006b14                adc3_timer
                0x0000000020006b18                adc2_timer
                0x0000000020006b1c                adc1_timer
                0x0000000020006b20                adc1
                0x0000000020006b24                adc2
                0x0000000020006b28                adc3
 COMMON         0x0000000020006b2c      0x689 Core/c-libraries/gophercan-lib/GopherCAN.o
                0x0000000020006b2c                last_error
                0x0000000020006b38                rx_buffer_mem
                0x0000000020006d38                rx_buffer
                0x0000000020006d40                tx_buffer_mem
                0x0000000020007140                tx_buffer
                0x0000000020007148                cust_funcs
                0x00000000200071b4                this_module_id
 *fill*         0x00000000200071b5        0x3 
 COMMON         0x00000000200071b8       0xf8 Core/c-libraries/gophercan-lib/GopherCAN_ids.o
                0x00000000200071b8                u8_tester
                0x00000000200071c0                longitudinal_acceleration
                0x00000000200071cc                yaw_rate
                0x00000000200071d8                oil_cooler_pressure_out
                0x00000000200071e4                can_command
                0x00000000200071f0                u64_tester
                0x0000000020007200                fan_current
                0x0000000020007208                s32_tester
                0x0000000020007214                u16_tester
                0x0000000020007220                oil_cooler_pressure_in
                0x000000002000722c                s16_tester
                0x0000000020007238                rpm
                0x0000000020007244                u32_tester
                0x0000000020007250                float_tester
                0x000000002000725c                back_left_tire_temp_channel_1
                0x0000000020007268                s64_tester
                0x0000000020007278                oil_cooler_pressure_out_lowpass_1000
                0x0000000020007284                oil_cooler_pressure_in_lowpass_1000
                0x0000000020007290                lateral_acceleration
                0x000000002000729c                s8_tester
                0x00000000200072a4                rad_water_temp_in
 COMMON         0x00000000200072b0        0x4 Drivers/STM32F4xx_HAL_Driver/Src/stm32f4xx_hal.o
                0x00000000200072b0                uwTick
 COMMON         0x00000000200072b4       0x40 Middlewares/Third_Party/FreeRTOS/Source/queue.o
                0x00000000200072b4                xQueueRegistry
 COMMON         0x00000000200072f4        0x4 c:/st/stm32cubeide_1.3.0/stm32cubeide/plugins/com.st.stm32cube.ide.mcu.externaltools.gnu-tools-for-stm32.7-2018-q2-update.win32_1.0.0.201904181610/tools/bin/../lib/gcc/arm-none-eabi/7.3.1/../../../../arm-none-eabi/lib/thumb/v7e-m/fpv4-sp/hard\libc_nano.a(lib_a-reent.o)
                0x00000000200072f4                errno
                0x00000000200072f8                . = ALIGN (0x4)
                0x00000000200072f8                _ebss = .
                0x00000000200072f8                __bss_end__ = _ebss

._user_heap_stack
                0x00000000200072f8      0x600 load address 0x000000000800a8b0
                0x00000000200072f8                . = ALIGN (0x8)
                0x00000000200072f8                PROVIDE (end = .)
                [!provide]                        PROVIDE (_end = .)
                0x00000000200074f8                . = (. + _Min_Heap_Size)
 *fill*         0x00000000200072f8      0x200 
                0x00000000200078f8                . = (. + _Min_Stack_Size)
 *fill*         0x00000000200074f8      0x400 