GopherCAN.c:83:4:init_can	24	static
GopherCAN.c:153:13:init_all_params	16	static
GopherCAN.c:181:6:set_all_params_state	24	static
GopherCAN.c:195:11:init_filters	80	static
GopherCAN.c:295:6:HAL_CAN_RxFifo0MsgPendingCallback	16	static
GopherCAN.c:304:6:HAL_CAN_RxFifo1MsgPendingCallback	16	static
GopherCAN.c:320:4:request_parameter	40	static
GopherCAN.c:369:4:send_can_command	48	static
GopherCAN.c:417:4:send_parameter	72	static
GopherCAN.c:512:4:add_custom_can_func	32	static
GopherCAN.c:541:4:mod_custom_can_func_state	24	static
GopherCAN.c:563:6:service_can_tx_hardware	56	static
GopherCAN.c:628:6:service_can_rx_hardware	48	static
GopherCAN.c:676:4:service_can_rx_buffer	16	static
GopherCAN.c:700:11:tx_can_message	24	static
GopherCAN.c:760:11:service_can_rx_message	56	static
GopherCAN.c:889:11:parameter_requested	16	static
GopherCAN.c:913:11:run_can_command	48	static
GopherCAN.c:964:13:build_message_id	24	static
GopherCAN.c:1005:13:get_message_id	16	static
GopherCAN.c:1017:11:send_error_message	40	static
GopherCAN.c:1092:6:HAL_CAN_TxMailbox0CompleteCallback	16	static
GopherCAN.c:1097:6:HAL_CAN_TxMailbox1CompleteCallback	16	static
GopherCAN.c:1102:6:HAL_CAN_TxMailbox2CompleteCallback	16	static
GopherCAN.c:1107:6:HAL_CAN_TxMailbox0AbortCallback	16	static
GopherCAN.c:1112:6:HAL_CAN_TxMailbox1AbortCallback	16	static
GopherCAN.c:1117:6:HAL_CAN_TxMailbox2AbortCallback	16	static
GopherCAN.c:1353:6:do_nothing	16	static
