main.c:114:5:main	8	static
main.c:206:6:SystemClock_Config	88	static
main.c:245:13:MX_ADC1_Init	24	static
main.c:295:13:MX_ADC2_Init	24	static
main.c:345:13:MX_ADC3_Init	24	static
main.c:395:13:MX_CAN1_Init	8	static
main.c:432:13:MX_CAN2_Init	8	static
main.c:469:13:MX_TIM10_Init	8	static
main.c:500:13:MX_TIM11_Init	8	static
main.c:531:13:MX_TIM13_Init	8	static
main.c:560:13:MX_DMA_Init	16	static
main.c:584:13:MX_GPIO_Init	32	static
main.c:607:6:StartMainTask	16	static
main.c:627:6:gopherCAN_tx_task	16	static
main.c:647:6:gcan_rx_buffer_service_task	16	static
main.c:668:6:HAL_TIM_PeriodElapsedCallback	16	static
main.c:688:6:Error_Handler	8	static
