main.c:119:5:main	8	static
main.c:213:6:SystemClock_Config	88	static
main.c:252:13:MX_ADC1_Init	24	static
main.c:302:13:MX_ADC2_Init	24	static
main.c:352:13:MX_ADC3_Init	24	static
main.c:402:13:MX_CAN1_Init	8	static
main.c:439:13:MX_CAN2_Init	8	static
main.c:476:13:MX_TIM10_Init	8	static
main.c:507:13:MX_TIM11_Init	8	static
main.c:538:13:MX_TIM13_Init	8	static
main.c:567:13:MX_DMA_Init	16	static
main.c:585:13:MX_GPIO_Init	24	static
main.c:606:6:StartMainTask	16	static
main.c:626:6:gopherCAN_tx_task	16	static
main.c:644:6:adcService	16	static
main.c:662:6:sensorCANService	16	static
main.c:681:6:HAL_TIM_PeriodElapsedCallback	16	static
main.c:698:6:Error_Handler	4	static
