stm32f4xx_it.c:84:6:NMI_Handler	4	static
stm32f4xx_it.c:97:6:HardFault_Handler	4	static
stm32f4xx_it.c:112:6:MemManage_Handler	4	static
stm32f4xx_it.c:127:6:BusFault_Handler	4	static
stm32f4xx_it.c:142:6:UsageFault_Handler	4	static
stm32f4xx_it.c:157:6:DebugMon_Handler	4	static
stm32f4xx_it.c:177:6:ADC_IRQHandler	8	static
stm32f4xx_it.c:193:6:CAN1_TX_IRQHandler	8	static
stm32f4xx_it.c:207:6:CAN1_RX0_IRQHandler	8	static
stm32f4xx_it.c:221:6:CAN1_RX1_IRQHandler	8	static
stm32f4xx_it.c:235:6:TIM1_UP_TIM10_IRQHandler	8	static
stm32f4xx_it.c:249:6:TIM1_TRG_COM_TIM11_IRQHandler	8	static
stm32f4xx_it.c:263:6:TIM8_UP_TIM13_IRQHandler	8	static
stm32f4xx_it.c:277:6:TIM8_TRG_COM_TIM14_IRQHandler	8	static
stm32f4xx_it.c:291:6:DMA2_Stream0_IRQHandler	8	static
stm32f4xx_it.c:305:6:DMA2_Stream1_IRQHandler	8	static
stm32f4xx_it.c:319:6:DMA2_Stream2_IRQHandler	8	static
stm32f4xx_it.c:333:6:CAN2_RX0_IRQHandler	8	static
stm32f4xx_it.c:347:6:CAN2_RX1_IRQHandler	8	static
