stm32f4xx_it.c:82:6:NMI_Handler	4	static
stm32f4xx_it.c:95:6:HardFault_Handler	4	static
stm32f4xx_it.c:110:6:MemManage_Handler	4	static
stm32f4xx_it.c:125:6:BusFault_Handler	4	static
stm32f4xx_it.c:140:6:UsageFault_Handler	4	static
stm32f4xx_it.c:155:6:DebugMon_Handler	4	static
stm32f4xx_it.c:175:6:ADC_IRQHandler	8	static
stm32f4xx_it.c:191:6:CAN1_TX_IRQHandler	8	static
stm32f4xx_it.c:205:6:CAN1_RX0_IRQHandler	8	static
stm32f4xx_it.c:219:6:CAN1_RX1_IRQHandler	8	static
stm32f4xx_it.c:233:6:TIM1_UP_TIM10_IRQHandler	8	static
stm32f4xx_it.c:247:6:TIM1_TRG_COM_TIM11_IRQHandler	8	static
stm32f4xx_it.c:261:6:TIM8_UP_TIM13_IRQHandler	8	static
stm32f4xx_it.c:275:6:TIM8_TRG_COM_TIM14_IRQHandler	8	static
stm32f4xx_it.c:289:6:DMA2_Stream0_IRQHandler	8	static
stm32f4xx_it.c:303:6:CAN2_RX0_IRQHandler	8	static
stm32f4xx_it.c:317:6:CAN2_RX1_IRQHandler	8	static
